[
  {
    "frame" : [
      [
        1110,
        279
      ],
      [
        62,
        118
      ]
    ],
    "word" : {
      "verse" : {
        "ayah" : 1,
        "sura" : 112
      },
      "word" : 1
    }
  },
  {
    "frame" : [
      [
        1031,
        279
      ],
      [
        79,
        118
      ]
    ],
    "word" : {
      "verse" : {
        "ayah" : 1,
        "sura" : 112
      },
      "word" : 2
    }
  },
  {
    "frame" : [
      [
        951,
        279
      ],
      [
        80,
        118
      ]
    ],
    "word" : {
      "verse" : {
        "ayah" : 1,
        "sura" : 112
      },
      "word" : 3
    }
  },
  {
    "frame" : [
      [
        792,
        279
      ],
      [
        159,
        118
      ]
    ],
    "word" : {
      "verse" : {
        "ayah" : 1,
        "sura" : 112
      },
      "word" : 4
    }
  },
  {
    "frame" : [
      [
        683,
        279
      ],
      [
        109,
        118
      ]
    ],
    "word" : {
      "verse" : {
        "ayah" : 1,
        "sura" : 112
      },
      "word" : 5
    }
  },
  {
    "frame" : [
      [
        594,
        279
      ],
      [
        89,
        118
      ]
    ],
    "word" : {
      "verse" : {
        "ayah" : 2,
        "sura" : 112
      },
      "word" : 1
    }
  },
  {
    "frame" : [
      [
        372,
        279
      ],
      [
        222,
        118
      ]
    ],
    "word" : {
      "verse" : {
        "ayah" : 2,
        "sura" : 112
      },
      "word" : 2
    }
  },
  {
    "frame" : [
      [
        266,
        279
      ],
      [
        106,
        118
      ]
    ],
    "word" : {
      "verse" : {
        "ayah" : 2,
        "sura" : 112
      },
      "word" : 3
    }
  },
  {
    "frame" : [
      [
        203,
        279
      ],
      [
        63,
        118
      ]
    ],
    "word" : {
      "verse" : {
        "ayah" : 3,
        "sura" : 112
      },
      "word" : 1
    }
  },
  {
    "frame" : [
      [
        50,
        279
      ],
      [
        153,
        118
      ]
    ],
    "word" : {
      "verse" : {
        "ayah" : 3,
        "sura" : 112
      },
      "word" : 2
    }
  },
  {
    "frame" : [
      [
        1064,
        397
      ],
      [
        108,
        126
      ]
    ],
    "word" : {
      "verse" : {
        "ayah" : 3,
        "sura" : 112
      },
      "word" : 3
    }
  },
  {
    "frame" : [
      [
        914,
        397
      ],
      [
        150,
        126
      ]
    ],
    "word" : {
      "verse" : {
        "ayah" : 3,
        "sura" : 112
      },
      "word" : 4
    }
  },
  {
    "frame" : [
      [
        804,
        397
      ],
      [
        110,
        126
      ]
    ],
    "word" : {
      "verse" : {
        "ayah" : 3,
        "sura" : 112
      },
      "word" : 5
    }
  },
  {
    "frame" : [
      [
        684,
        397
      ],
      [
        120,
        126
      ]
    ],
    "word" : {
      "verse" : {
        "ayah" : 4,
        "sura" : 112
      },
      "word" : 1
    }
  },
  {
    "frame" : [
      [
        556,
        397
      ],
      [
        128,
        126
      ]
    ],
    "word" : {
      "verse" : {
        "ayah" : 4,
        "sura" : 112
      },
      "word" : 2
    }
  },
  {
    "frame" : [
      [
        497,
        397
      ],
      [
        59,
        126
      ]
    ],
    "word" : {
      "verse" : {
        "ayah" : 4,
        "sura" : 112
      },
      "word" : 3
    }
  },
  {
    "frame" : [
      [
        311,
        397
      ],
      [
        186,
        126
      ]
    ],
    "word" : {
      "verse" : {
        "ayah" : 4,
        "sura" : 112
      },
      "word" : 4
    }
  },
  {
    "frame" : [
      [
        158,
        397
      ],
      [
        153,
        126
      ]
    ],
    "word" : {
      "verse" : {
        "ayah" : 4,
        "sura" : 112
      },
      "word" : 5
    }
  },
  {
    "frame" : [
      [
        50,
        397
      ],
      [
        108,
        126
      ]
    ],
    "word" : {
      "verse" : {
        "ayah" : 4,
        "sura" : 112
      },
      "word" : 6
    }
  },
  {
    "frame" : [
      [
        1109,
        812
      ],
      [
        63,
        124
      ]
    ],
    "word" : {
      "verse" : {
        "ayah" : 1,
        "sura" : 113
      },
      "word" : 1
    }
  },
  {
    "frame" : [
      [
        993,
        812
      ],
      [
        116,
        124
      ]
    ],
    "word" : {
      "verse" : {
        "ayah" : 1,
        "sura" : 113
      },
      "word" : 2
    }
  },
  {
    "frame" : [
      [
        866,
        812
      ],
      [
        127,
        124
      ]
    ],
    "word" : {
      "verse" : {
        "ayah" : 1,
        "sura" : 113
      },
      "word" : 3
    }
  },
  {
    "frame" : [
      [
        714,
        812
      ],
      [
        152,
        124
      ]
    ],
    "word" : {
      "verse" : {
        "ayah" : 1,
        "sura" : 113
      },
      "word" : 4
    }
  },
  {
    "frame" : [
      [
        603,
        812
      ],
      [
        111,
        124
      ]
    ],
    "word" : {
      "verse" : {
        "ayah" : 1,
        "sura" : 113
      },
      "word" : 5
    }
  },
  {
    "frame" : [
      [
        518,
        812
      ],
      [
        85,
        124
      ]
    ],
    "word" : {
      "verse" : {
        "ayah" : 2,
        "sura" : 113
      },
      "word" : 1
    }
  },
  {
    "frame" : [
      [
        439,
        812
      ],
      [
        79,
        124
      ]
    ],
    "word" : {
      "verse" : {
        "ayah" : 2,
        "sura" : 113
      },
      "word" : 2
    }
  },
  {
    "frame" : [
      [
        400,
        812
      ],
      [
        39,
        124
      ]
    ],
    "word" : {
      "verse" : {
        "ayah" : 2,
        "sura" : 113
      },
      "word" : 3
    }
  },
  {
    "frame" : [
      [
        287,
        812
      ],
      [
        113,
        124
      ]
    ],
    "word" : {
      "verse" : {
        "ayah" : 2,
        "sura" : 113
      },
      "word" : 4
    }
  },
  {
    "frame" : [
      [
        178,
        812
      ],
      [
        109,
        124
      ]
    ],
    "word" : {
      "verse" : {
        "ayah" : 2,
        "sura" : 113
      },
      "word" : 5
    }
  },
  {
    "frame" : [
      [
        50,
        812
      ],
      [
        128,
        124
      ]
    ],
    "word" : {
      "verse" : {
        "ayah" : 3,
        "sura" : 113
      },
      "word" : 1
    }
  },
  {
    "frame" : [
      [
        1088,
        936
      ],
      [
        84,
        135
      ]
    ],
    "word" : {
      "verse" : {
        "ayah" : 3,
        "sura" : 113
      },
      "word" : 2
    }
  },
  {
    "frame" : [
      [
        947,
        936
      ],
      [
        141,
        135
      ]
    ],
    "word" : {
      "verse" : {
        "ayah" : 3,
        "sura" : 113
      },
      "word" : 3
    }
  },
  {
    "frame" : [
      [
        875,
        936
      ],
      [
        72,
        135
      ]
    ],
    "word" : {
      "verse" : {
        "ayah" : 3,
        "sura" : 113
      },
      "word" : 4
    }
  },
  {
    "frame" : [
      [
        740,
        936
      ],
      [
        135,
        135
      ]
    ],
    "word" : {
      "verse" : {
        "ayah" : 3,
        "sura" : 113
      },
      "word" : 5
    }
  },
  {
    "frame" : [
      [
        627,
        936
      ],
      [
        113,
        135
      ]
    ],
    "word" : {
      "verse" : {
        "ayah" : 3,
        "sura" : 113
      },
      "word" : 6
    }
  },
  {
    "frame" : [
      [
        502,
        936
      ],
      [
        125,
        135
      ]
    ],
    "word" : {
      "verse" : {
        "ayah" : 4,
        "sura" : 113
      },
      "word" : 1
    }
  },
  {
    "frame" : [
      [
        383,
        936
      ],
      [
        119,
        135
      ]
    ],
    "word" : {
      "verse" : {
        "ayah" : 4,
        "sura" : 113
      },
      "word" : 2
    }
  },
  {
    "frame" : [
      [
        155,
        936
      ],
      [
        228,
        135
      ]
    ],
    "word" : {
      "verse" : {
        "ayah" : 4,
        "sura" : 113
      },
      "word" : 3
    }
  },
  {
    "frame" : [
      [
        50,
        936
      ],
      [
        105,
        135
      ]
    ],
    "word" : {
      "verse" : {
        "ayah" : 4,
        "sura" : 113
      },
      "word" : 4
    }
  },
  {
    "frame" : [
      [
        915,
        1071
      ],
      [
        163,
        117
      ]
    ],
    "word" : {
      "verse" : {
        "ayah" : 4,
        "sura" : 113
      },
      "word" : 5
    }
  },
  {
    "frame" : [
      [
        808,
        1071
      ],
      [
        107,
        117
      ]
    ],
    "word" : {
      "verse" : {
        "ayah" : 4,
        "sura" : 113
      },
      "word" : 6
    }
  },
  {
    "frame" : [
      [
        689,
        1071
      ],
      [
        119,
        117
      ]
    ],
    "word" : {
      "verse" : {
        "ayah" : 5,
        "sura" : 113
      },
      "word" : 1
    }
  },
  {
    "frame" : [
      [
        584,
        1071
      ],
      [
        105,
        117
      ]
    ],
    "word" : {
      "verse" : {
        "ayah" : 5,
        "sura" : 113
      },
      "word" : 2
    }
  },
  {
    "frame" : [
      [
        444,
        1071
      ],
      [
        140,
        117
      ]
    ],
    "word" : {
      "verse" : {
        "ayah" : 5,
        "sura" : 113
      },
      "word" : 3
    }
  },
  {
    "frame" : [
      [
        384,
        1071
      ],
      [
        60,
        117
      ]
    ],
    "word" : {
      "verse" : {
        "ayah" : 5,
        "sura" : 113
      },
      "word" : 4
    }
  },
  {
    "frame" : [
      [
        241,
        1071
      ],
      [
        143,
        117
      ]
    ],
    "word" : {
      "verse" : {
        "ayah" : 5,
        "sura" : 113
      },
      "word" : 5
    }
  },
  {
    "frame" : [
      [
        138,
        1071
      ],
      [
        103,
        117
      ]
    ],
    "word" : {
      "verse" : {
        "ayah" : 5,
        "sura" : 113
      },
      "word" : 6
    }
  },
  {
    "frame" : [
      [
        1109,
        1477
      ],
      [
        63,
        117
      ]
    ],
    "word" : {
      "verse" : {
        "ayah" : 1,
        "sura" : 114
      },
      "word" : 1
    }
  },
  {
    "frame" : [
      [
        995,
        1477
      ],
      [
        114,
        117
      ]
    ],
    "word" : {
      "verse" : {
        "ayah" : 1,
        "sura" : 114
      },
      "word" : 2
    }
  },
  {
    "frame" : [
      [
        880,
        1477
      ],
      [
        115,
        117
      ]
    ],
    "word" : {
      "verse" : {
        "ayah" : 1,
        "sura" : 114
      },
      "word" : 3
    }
  },
  {
    "frame" : [
      [
        721,
        1477
      ],
      [
        159,
        117
      ]
    ],
    "word" : {
      "verse" : {
        "ayah" : 1,
        "sura" : 114
      },
      "word" : 4
    }
  },
  {
    "frame" : [
      [
        614,
        1477
      ],
      [
        107,
        117
      ]
    ],
    "word" : {
      "verse" : {
        "ayah" : 1,
        "sura" : 114
      },
      "word" : 5
    }
  },
  {
    "frame" : [
      [
        459,
        1477
      ],
      [
        155,
        117
      ]
    ],
    "word" : {
      "verse" : {
        "ayah" : 2,
        "sura" : 114
      },
      "word" : 1
    }
  },
  {
    "frame" : [
      [
        291,
        1477
      ],
      [
        168,
        117
      ]
    ],
    "word" : {
      "verse" : {
        "ayah" : 2,
        "sura" : 114
      },
      "word" : 2
    }
  },
  {
    "frame" : [
      [
        183,
        1477
      ],
      [
        108,
        117
      ]
    ],
    "word" : {
      "verse" : {
        "ayah" : 2,
        "sura" : 114
      },
      "word" : 3
    }
  },
  {
    "frame" : [
      [
        50,
        1477
      ],
      [
        133,
        117
      ]
    ],
    "word" : {
      "verse" : {
        "ayah" : 3,
        "sura" : 114
      },
      "word" : 1
    }
  },
  {
    "frame" : [
      [
        1007,
        1594
      ],
      [
        165,
        140
      ]
    ],
    "word" : {
      "verse" : {
        "ayah" : 3,
        "sura" : 114
      },
      "word" : 2
    }
  },
  {
    "frame" : [
      [
        897,
        1594
      ],
      [
        110,
        140
      ]
    ],
    "word" : {
      "verse" : {
        "ayah" : 3,
        "sura" : 114
      },
      "word" : 3
    }
  },
  {
    "frame" : [
      [
        808,
        1594
      ],
      [
        89,
        140
      ]
    ],
    "word" : {
      "verse" : {
        "ayah" : 4,
        "sura" : 114
      },
      "word" : 1
    }
  },
  {
    "frame" : [
      [
        708,
        1594
      ],
      [
        100,
        140
      ]
    ],
    "word" : {
      "verse" : {
        "ayah" : 4,
        "sura" : 114
      },
      "word" : 2
    }
  },
  {
    "frame" : [
      [
        490,
        1594
      ],
      [
        218,
        140
      ]
    ],
    "word" : {
      "verse" : {
        "ayah" : 4,
        "sura" : 114
      },
      "word" : 3
    }
  },
  {
    "frame" : [
      [
        282,
        1594
      ],
      [
        208,
        140
      ]
    ],
    "word" : {
      "verse" : {
        "ayah" : 4,
        "sura" : 114
      },
      "word" : 4
    }
  },
  {
    "frame" : [
      [
        178,
        1594
      ],
      [
        104,
        140
      ]
    ],
    "word" : {
      "verse" : {
        "ayah" : 4,
        "sura" : 114
      },
      "word" : 5
    }
  },
  {
    "frame" : [
      [
        50,
        1594
      ],
      [
        128,
        140
      ]
    ],
    "word" : {
      "verse" : {
        "ayah" : 5,
        "sura" : 114
      },
      "word" : 1
    }
  },
  {
    "frame" : [
      [
        815,
        1734
      ],
      [
        194,
        133
      ]
    ],
    "word" : {
      "verse" : {
        "ayah" : 5,
        "sura" : 114
      },
      "word" : 2
    }
  },
  {
    "frame" : [
      [
        700,
        1734
      ],
      [
        115,
        133
      ]
    ],
    "word" : {
      "verse" : {
        "ayah" : 5,
        "sura" : 114
      },
      "word" : 3
    }
  },
  {
    "frame" : [
      [
        541,
        1734
      ],
      [
        159,
        133
      ]
    ],
    "word" : {
      "verse" : {
        "ayah" : 5,
        "sura" : 114
      },
      "word" : 4
    }
  },
  {
    "frame" : [
      [
        313,
        1734
      ],
      [
        228,
        133
      ]
    ],
    "word" : {
      "verse" : {
        "ayah" : 5,
        "sura" : 114
      },
      "word" : 5
    }
  },
  {
    "frame" : [
      [
        205,
        1734
      ],
      [
        108,
        133
      ]
    ],
    "word" : {
      "verse" : {
        "ayah" : 5,
        "sura" : 114
      },
      "word" : 6
    }
  },
  {
    "frame" : [
      [
        841,
        1867
      ],
      [
        68,
        113
      ]
    ],
    "word" : {
      "verse" : {
        "ayah" : 6,
        "sura" : 114
      },
      "word" : 1
    }
  },
  {
    "frame" : [
      [
        652,
        1867
      ],
      [
        189,
        113
      ]
    ],
    "word" : {
      "verse" : {
        "ayah" : 6,
        "sura" : 114
      },
      "word" : 2
    }
  },
  {
    "frame" : [
      [
        413,
        1867
      ],
      [
        239,
        113
      ]
    ],
    "word" : {
      "verse" : {
        "ayah" : 6,
        "sura" : 114
      },
      "word" : 3
    }
  },
  {
    "frame" : [
      [
        304,
        1867
      ],
      [
        109,
        113
      ]
    ],
    "word" : {
      "verse" : {
        "ayah" : 6,
        "sura" : 114
      },
      "word" : 4
    }
  }
]