[
  {
    "items" : [
      {
        "ayah" : {
          "ayah" : 1,
          "sura" : 1
        },
        "text" : "سُورَةُ ⁨الفَاتِحَةِ⁩"
      },
      {
        "ayah" : {
          "ayah" : 89,
          "sura" : 7
        },
        "text" : "قد افترينا على الله كذبا إن عدنا في ملتكم بعد إذ نجانا الله منها وما يكون لنا أن نعود فيها إلا أن يشاء الله ربنا وسع ربنا كل شيء علما على الله توكلنا ربنا افتح بيننا وبين قومنا بالحق وأنت خير الفاتحين"
      }
    ],
    "source" : {
      "rawKey" : "quran"
    }
  }
]