[
  "فتح",
  "فتح الله عليكم ليحاجوكم به",
  "فتح بيني وبينهم ",
  "فتح من الله قالوا ألم",
  "فتحا قريبا",
  "فتحا مبينا",
  "فتحا ونجني ومن معي من",
  "فتحت أبوابها وقال لهم خزنتها",
  "فتحت يأجوج ومأجوج وهم من",
  "فتحرير رقبة مؤمنة وإن كان",
  "فتحرير رقبة مؤمنة ودية مسلمة",
  "فتحرير رقبة من قبل أن",
  "فتحسسوا من يوسف وأخيه ولا",
  "فتحنا عليهم أبواب كل شيء",
  "فتحنا عليهم بابا ذا عذاب",
  "فتحنا عليهم بابا من السماء",
  "فتحنا لك ",
  "فتحوا متاعهم وجدوا بضاعتهم ردت",
  "فُتح"
]