[
  {
    "items" : [
      {
        "ayah" : {
          "ayah" : 6,
          "sura" : 6
        },
        "text" : "ألم يروا كم أهلكنا من قبلهم من قرن مكناهم في الأرض ما لم نمكن لكم وأرسلنا السماء عليهم مدرارا وجعلنا الأنهار تجري من تحتهم فأهلكناهم بذنوبهم وأنشأنا من بعدهم قرنا آخرين"
      },
      {
        "ayah" : {
          "ayah" : 157,
          "sura" : 6
        },
        "text" : "أو تقولوا لو أنا أنزل علينا الكتاب لكنا أهدى منهم فقد جاءكم بينة من ربكم وهدى ورحمة فمن أظلم ممن كذب بآيات الله وصدف عنها سنجزي الذين يصدفون عن آياتنا سوء العذاب بما كانوا يصدفون"
      },
      {
        "ayah" : {
          "ayah" : 4,
          "sura" : 7
        },
        "text" : "وكم من قرية أهلكناها فجاءها بأسنا بياتا أو هم قائلون"
      },
      {
        "ayah" : {
          "ayah" : 155,
          "sura" : 7
        },
        "text" : "واختار موسى قومه سبعين رجلا لميقاتنا فلما أخذتهم الرجفة قال رب لو شئت أهلكتهم من قبل وإياي أتهلكنا بما فعل السفهاء منا إن هي إلا فتنتك تضل بها من تشاء وتهدي من تشاء أنت ولينا فاغفر لنا وارحمنا وأنت خير الغافرين"
      },
      {
        "ayah" : {
          "ayah" : 173,
          "sura" : 7
        },
        "text" : "أو تقولوا إنما أشرك آباؤنا من قبل وكنا ذرية من بعدهم أفتهلكنا بما فعل المبطلون"
      },
      {
        "ayah" : {
          "ayah" : 54,
          "sura" : 8
        },
        "text" : "كدأب آل فرعون والذين من قبلهم كذبوا بآيات ربهم فأهلكناهم بذنوبهم وأغرقنا آل فرعون وكل كانوا ظالمين"
      },
      {
        "ayah" : {
          "ayah" : 13,
          "sura" : 10
        },
        "text" : "ولقد أهلكنا القرون من قبلكم لما ظلموا وجاءتهم رسلهم بالبينات وما كانوا ليؤمنوا كذلك نجزي القوم المجرمين"
      },
      {
        "ayah" : {
          "ayah" : 4,
          "sura" : 15
        },
        "text" : "وما أهلكنا من قرية إلا ولها كتاب معلوم"
      },
      {
        "ayah" : {
          "ayah" : 17,
          "sura" : 17
        },
        "text" : "وكم أهلكنا من القرون من بعد نوح وكفى بربك بذنوب عباده خبيرا بصيرا"
      },
      {
        "ayah" : {
          "ayah" : 38,
          "sura" : 18
        },
        "text" : "لكنا هو الله ربي ولا أشرك بربي أحدا"
      },
      {
        "ayah" : {
          "ayah" : 59,
          "sura" : 18
        },
        "text" : "وتلك القرى أهلكناهم لما ظلموا وجعلنا لمهلكهم موعدا"
      },
      {
        "ayah" : {
          "ayah" : 74,
          "sura" : 19
        },
        "text" : "وكم أهلكنا قبلهم من قرن هم أحسن أثاثا ورئيا"
      },
      {
        "ayah" : {
          "ayah" : 98,
          "sura" : 19
        },
        "text" : "وكم أهلكنا قبلهم من قرن هل تحس منهم من أحد أو تسمع لهم ركزا"
      },
      {
        "ayah" : {
          "ayah" : 87,
          "sura" : 20
        },
        "text" : "قالوا ما أخلفنا موعدك بملكنا ولكنا حملنا أوزارا من زينة القوم فقذفناها فكذلك ألقى السامري"
      },
      {
        "ayah" : {
          "ayah" : 128,
          "sura" : 20
        },
        "text" : "أفلم يهد لهم كم أهلكنا قبلهم من القرون يمشون في مساكنهم إن في ذلك لآيات لأولي النهى"
      },
      {
        "ayah" : {
          "ayah" : 134,
          "sura" : 20
        },
        "text" : "ولو أنا أهلكناهم بعذاب من قبله لقالوا ربنا لولا أرسلت إلينا رسولا فنتبع آياتك من قبل أن نذل ونخزى"
      },
      {
        "ayah" : {
          "ayah" : 6,
          "sura" : 21
        },
        "text" : "ما آمنت قبلهم من قرية أهلكناها أفهم يؤمنون"
      },
      {
        "ayah" : {
          "ayah" : 9,
          "sura" : 21
        },
        "text" : "ثم صدقناهم الوعد فأنجيناهم ومن نشاء وأهلكنا المسرفين"
      },
      {
        "ayah" : {
          "ayah" : 95,
          "sura" : 21
        },
        "text" : "وحرام على قرية أهلكناها أنهم لا يرجعون"
      },
      {
        "ayah" : {
          "ayah" : 45,
          "sura" : 22
        },
        "text" : "فكأين من قرية أهلكناها وهي ظالمة فهي خاوية على عروشها وبئر معطلة وقصر مشيد"
      },
      {
        "ayah" : {
          "ayah" : 139,
          "sura" : 26
        },
        "text" : "فكذبوه فأهلكناهم إن في ذلك لآية وما كان أكثرهم مؤمنين"
      },
      {
        "ayah" : {
          "ayah" : 200,
          "sura" : 26
        },
        "text" : "كذلك سلكناه في قلوب المجرمين"
      },
      {
        "ayah" : {
          "ayah" : 208,
          "sura" : 26
        },
        "text" : "وما أهلكنا من قرية إلا لها منذرون"
      },
      {
        "ayah" : {
          "ayah" : 43,
          "sura" : 28
        },
        "text" : "ولقد آتينا موسى الكتاب من بعد ما أهلكنا القرون الأولى بصائر للناس وهدى ورحمة لعلهم يتذكرون"
      },
      {
        "ayah" : {
          "ayah" : 45,
          "sura" : 28
        },
        "text" : "ولكنا أنشأنا قرونا فتطاول عليهم العمر وما كنت ثاويا في أهل مدين تتلو عليهم آياتنا ولكنا كنا مرسلين"
      },
      {
        "ayah" : {
          "ayah" : 58,
          "sura" : 28
        },
        "text" : "وكم أهلكنا من قرية بطرت معيشتها فتلك مساكنهم لم تسكن من بعدهم إلا قليلا وكنا نحن الوارثين"
      },
      {
        "ayah" : {
          "ayah" : 26,
          "sura" : 32
        },
        "text" : "أولم يهد لهم كم أهلكنا من قبلهم من القرون يمشون في مساكنهم إن في ذلك لآيات أفلا يسمعون"
      },
      {
        "ayah" : {
          "ayah" : 31,
          "sura" : 34
        },
        "text" : "وقال الذين كفروا لن نؤمن بهذا القرآن ولا بالذي بين يديه ولو ترى إذ الظالمون موقوفون عند ربهم يرجع بعضهم إلى بعض القول يقول الذين استضعفوا للذين استكبروا لولا أنتم لكنا مؤمنين"
      },
      {
        "ayah" : {
          "ayah" : 31,
          "sura" : 36
        },
        "text" : "ألم يروا كم أهلكنا قبلهم من القرون أنهم إليهم لا يرجعون"
      },
      {
        "ayah" : {
          "ayah" : 169,
          "sura" : 37
        },
        "text" : "لكنا عباد الله المخلصين"
      },
      {
        "ayah" : {
          "ayah" : 3,
          "sura" : 38
        },
        "text" : "كم أهلكنا من قبلهم من قرن فنادوا ولات حين مناص"
      },
      {
        "ayah" : {
          "ayah" : 8,
          "sura" : 43
        },
        "text" : "فأهلكنا أشد منهم بطشا ومضى مثل الأولين"
      },
      {
        "ayah" : {
          "ayah" : 37,
          "sura" : 44
        },
        "text" : "أهم خير أم قوم تبع والذين من قبلهم أهلكناهم إنهم كانوا مجرمين"
      },
      {
        "ayah" : {
          "ayah" : 24,
          "sura" : 45
        },
        "text" : "وقالوا ما هي إلا حياتنا الدنيا نموت ونحيا وما يهلكنا إلا الدهر وما لهم بذلك من علم إن هم إلا يظنون"
      },
      {
        "ayah" : {
          "ayah" : 27,
          "sura" : 46
        },
        "text" : "ولقد أهلكنا ما حولكم من القرى وصرفنا الآيات لعلهم يرجعون"
      },
      {
        "ayah" : {
          "ayah" : 13,
          "sura" : 47
        },
        "text" : "وكأين من قرية هي أشد قوة من قريتك التي أخرجتك أهلكناهم فلا ناصر لهم"
      },
      {
        "ayah" : {
          "ayah" : 36,
          "sura" : 50
        },
        "text" : "وكم أهلكنا قبلهم من قرن هم أشد منهم بطشا فنقبوا في البلاد هل من محيص"
      },
      {
        "ayah" : {
          "ayah" : 51,
          "sura" : 54
        },
        "text" : "ولقد أهلكنا أشياعكم فهل من مدكر"
      }
    ],
    "source" : {
      "rawKey" : "quran"
    }
  }
]