[
  {
    "items" : [
      {
        "ayah" : {
          "ayah" : 1,
          "sura" : 33
        },
        "text" : "Surah Al-Aḥzāb"
      },
      {
        "ayah" : {
          "ayah" : 1,
          "sura" : 21
        },
        "text" : "Hizb 33"
      },
      {
        "ayah" : {
          "ayah" : 211,
          "sura" : 2
        },
        "text" : "Page 33"
      }
    ],
    "source" : {
      "rawKey" : "quran"
    }
  }
]