[
  {
    "items" : [
      {
        "ayah" : {
          "ayah" : 1,
          "sura" : 87
        },
        "text" : "سُورَةُ ⁨الأَعۡلَىٰ⁩"
      },
      {
        "ayah" : {
          "ayah" : 139,
          "sura" : 3
        },
        "text" : "ولا تهنوا ولا تحزنوا وأنتم الأعلون إن كنتم مؤمنين"
      },
      {
        "ayah" : {
          "ayah" : 60,
          "sura" : 16
        },
        "text" : "للذين لا يؤمنون بالآخرة مثل السوء ولله المثل الأعلى وهو العزيز الحكيم"
      },
      {
        "ayah" : {
          "ayah" : 68,
          "sura" : 20
        },
        "text" : "قلنا لا تخف إنك أنت الأعلى"
      },
      {
        "ayah" : {
          "ayah" : 27,
          "sura" : 30
        },
        "text" : "وهو الذي يبدأ الخلق ثم يعيده وهو أهون عليه وله المثل الأعلى في السماوات والأرض وهو العزيز الحكيم"
      },
      {
        "ayah" : {
          "ayah" : 8,
          "sura" : 37
        },
        "text" : "لا يسمعون إلى الملإ الأعلى ويقذفون من كل جانب"
      },
      {
        "ayah" : {
          "ayah" : 69,
          "sura" : 38
        },
        "text" : "ما كان لي من علم بالملإ الأعلى إذ يختصمون"
      },
      {
        "ayah" : {
          "ayah" : 32,
          "sura" : 42
        },
        "text" : "ومن آياته الجوار في البحر كالأعلام"
      },
      {
        "ayah" : {
          "ayah" : 35,
          "sura" : 47
        },
        "text" : "فلا تهنوا وتدعوا إلى السلم وأنتم الأعلون والله معكم ولن يتركم أعمالكم"
      },
      {
        "ayah" : {
          "ayah" : 7,
          "sura" : 53
        },
        "text" : "وهو بالأفق الأعلى"
      },
      {
        "ayah" : {
          "ayah" : 24,
          "sura" : 55
        },
        "text" : "وله الجوار المنشآت في البحر كالأعلام"
      },
      {
        "ayah" : {
          "ayah" : 24,
          "sura" : 79
        },
        "text" : "فقال أنا ربكم الأعلى"
      },
      {
        "ayah" : {
          "ayah" : 1,
          "sura" : 87
        },
        "text" : "بسم الله الرحمن الرحيم سبح اسم ربك الأعلى"
      },
      {
        "ayah" : {
          "ayah" : 20,
          "sura" : 92
        },
        "text" : "إلا ابتغاء وجه ربه الأعلى"
      }
    ],
    "source" : {
      "rawKey" : "quran"
    }
  }
]