[
  {
    "items" : [
      {
        "ayah" : {
          "ayah" : 1,
          "sura" : 33
        },
        "text" : "Surah Al-Aḥzāb"
      }
    ],
    "source" : {
      "rawKey" : "quran"
    }
  },
  {
    "items" : [
      {
        "ayah" : {
          "ayah" : 9,
          "sura" : 33
        },
        "text" : "O you who believe! Remember Allah's Favour to you, when there came against you hosts, and We sent against them a wind and forces that you saw not [i.e. troops of angels during the battle of AlAhzab (the Confederates)]. And Allah is Ever AllSeer of what you do."
      },
      {
        "ayah" : {
          "ayah" : 20,
          "sura" : 33
        },
        "text" : "They think that AlAhzab (the Confederates) have not yet withdrawn, and if AlAhzab (the Confederates) should come (again), they would wish they were in the deserts (wandering) among the bedouins, seeking news about you (from a far place); and if they (happen) to be among you, they would not fight but little."
      },
      {
        "ayah" : {
          "ayah" : 22,
          "sura" : 33
        },
        "text" : "And when the believers saw AlAhzab (the Confederates), they said: \"This is what Allah and His Messenger (Muhammad SAW) had promised us, and Allah and His Messenger (Muhammad SAW) had spoken the truth, and it only added to their faith and to their submissiveness (to Allah)."
      }
    ],
    "source" : {
      "rawKey" : "translation: 1"
    }
  }
]