[
  {
    "items" : [
      {
        "ayah" : {
          "ayah" : 1,
          "sura" : 68
        },
        "text" : "نٓۚ وَٱلۡقَلَمِ وَمَا يَسۡطُرُونَ"
      }
    ],
    "source" : {
      "rawKey" : "quran"
    }
  }
]