[
  "Al-Ahzab",
  "alahzab",
  "alahzab (the Confederates) have not",
  "alahzab (the Confederates) should come",
  "alahzab (the Confederates), they said",
  "alahzab (the Confederates)]. And Allah"
]