[
  {
    "items" : [
      {
        "ayah" : {
          "ayah" : 1,
          "sura" : 48
        },
        "text" : "سُورَةُ ⁨الفَتۡحِ⁩"
      },
      {
        "ayah" : {
          "ayah" : 76,
          "sura" : 2
        },
        "text" : "وإذا لقوا الذين آمنوا قالوا آمنا وإذا خلا بعضهم إلى بعض قالوا أتحدثونهم بما فتح الله عليكم ليحاجوكم به عند ربكم أفلا تعقلون"
      },
      {
        "ayah" : {
          "ayah" : 89,
          "sura" : 2
        },
        "text" : "ولما جاءهم كتاب من عند الله مصدق لما معهم وكانوا من قبل يستفتحون على الذين كفروا فلما جاءهم ما عرفوا كفروا به فلعنة الله على الكافرين"
      },
      {
        "ayah" : {
          "ayah" : 92,
          "sura" : 4
        },
        "text" : "وما كان لمؤمن أن يقتل مؤمنا إلا خطأ ومن قتل مؤمنا خطأ فتحرير رقبة مؤمنة ودية مسلمة إلى أهله إلا أن يصدقوا فإن كان من قوم عدو لكم وهو مؤمن فتحرير رقبة مؤمنة وإن كان من قوم بينكم وبينهم ميثاق فدية مسلمة إلى أهله وتحرير رقبة مؤمنة فمن لم يجد فصيام شهرين متتابعين توبة من الله وكان الله عليما حكيما"
      },
      {
        "ayah" : {
          "ayah" : 141,
          "sura" : 4
        },
        "text" : "الذين يتربصون بكم فإن كان لكم فتح من الله قالوا ألم نكن معكم وإن كان للكافرين نصيب قالوا ألم نستحوذ عليكم ونمنعكم من المؤمنين فالله يحكم بينكم يوم القيامة ولن يجعل الله للكافرين على المؤمنين سبيلا"
      },
      {
        "ayah" : {
          "ayah" : 52,
          "sura" : 5
        },
        "text" : "فترى الذين في قلوبهم مرض يسارعون فيهم يقولون نخشى أن تصيبنا دائرة فعسى الله أن يأتي بالفتح أو أمر من عنده فيصبحوا على ما أسروا في أنفسهم نادمين"
      },
      {
        "ayah" : {
          "ayah" : 44,
          "sura" : 6
        },
        "text" : "فلما نسوا ما ذكروا به فتحنا عليهم أبواب كل شيء حتى إذا فرحوا بما أوتوا أخذناهم بغتة فإذا هم مبلسون"
      },
      {
        "ayah" : {
          "ayah" : 40,
          "sura" : 7
        },
        "text" : "إن الذين كذبوا بآياتنا واستكبروا عنها لا تفتح لهم أبواب السماء ولا يدخلون الجنة حتى يلج الجمل في سم الخياط وكذلك نجزي المجرمين"
      },
      {
        "ayah" : {
          "ayah" : 89,
          "sura" : 7
        },
        "text" : "قد افترينا على الله كذبا إن عدنا في ملتكم بعد إذ نجانا الله منها وما يكون لنا أن نعود فيها إلا أن يشاء الله ربنا وسع ربنا كل شيء علما على الله توكلنا ربنا افتح بيننا وبين قومنا بالحق وأنت خير الفاتحين"
      },
      {
        "ayah" : {
          "ayah" : 96,
          "sura" : 7
        },
        "text" : "ولو أن أهل القرى آمنوا واتقوا لفتحنا عليهم بركات من السماء والأرض ولكن كذبوا فأخذناهم بما كانوا يكسبون"
      },
      {
        "ayah" : {
          "ayah" : 19,
          "sura" : 8
        },
        "text" : "إن تستفتحوا فقد جاءكم الفتح وإن تنتهوا فهو خير لكم وإن تعودوا نعد ولن تغني عنكم فئتكم شيئا ولو كثرت وأن الله مع المؤمنين"
      },
      {
        "ayah" : {
          "ayah" : 65,
          "sura" : 12
        },
        "text" : "ولما فتحوا متاعهم وجدوا بضاعتهم ردت إليهم قالوا يا أبانا ما نبغي هذه بضاعتنا ردت إلينا ونمير أهلنا ونحفظ أخانا ونزداد كيل بعير ذلك كيل يسير"
      },
      {
        "ayah" : {
          "ayah" : 87,
          "sura" : 12
        },
        "text" : "يا بني اذهبوا فتحسسوا من يوسف وأخيه ولا تيأسوا من روح الله إنه لا ييأس من روح الله إلا القوم الكافرون"
      },
      {
        "ayah" : {
          "ayah" : 15,
          "sura" : 14
        },
        "text" : "واستفتحوا وخاب كل جبار عنيد"
      },
      {
        "ayah" : {
          "ayah" : 14,
          "sura" : 15
        },
        "text" : "ولو فتحنا عليهم بابا من السماء فظلوا فيه يعرجون"
      },
      {
        "ayah" : {
          "ayah" : 96,
          "sura" : 21
        },
        "text" : "حتى إذا فتحت يأجوج ومأجوج وهم من كل حدب ينسلون"
      },
      {
        "ayah" : {
          "ayah" : 77,
          "sura" : 23
        },
        "text" : "حتى إذا فتحنا عليهم بابا ذا عذاب شديد إذا هم فيه مبلسون"
      },
      {
        "ayah" : {
          "ayah" : 118,
          "sura" : 26
        },
        "text" : "فافتح بيني وبينهم فتحا ونجني ومن معي من المؤمنين"
      },
      {
        "ayah" : {
          "ayah" : 28,
          "sura" : 32
        },
        "text" : "ويقولون متى هذا الفتح إن كنتم صادقين"
      },
      {
        "ayah" : {
          "ayah" : 29,
          "sura" : 32
        },
        "text" : "قل يوم الفتح لا ينفع الذين كفروا إيمانهم ولا هم ينظرون"
      },
      {
        "ayah" : {
          "ayah" : 26,
          "sura" : 34
        },
        "text" : "قل يجمع بيننا ربنا ثم يفتح بيننا بالحق وهو الفتاح العليم"
      },
      {
        "ayah" : {
          "ayah" : 2,
          "sura" : 35
        },
        "text" : "ما يفتح الله للناس من رحمة فلا ممسك لها وما يمسك فلا مرسل له من بعده وهو العزيز الحكيم"
      },
      {
        "ayah" : {
          "ayah" : 50,
          "sura" : 38
        },
        "text" : "جنات عدن مفتحة لهم الأبواب"
      },
      {
        "ayah" : {
          "ayah" : 71,
          "sura" : 39
        },
        "text" : "وسيق الذين كفروا إلى جهنم زمرا حتى إذا جاءوها فتحت أبوابها وقال لهم خزنتها ألم يأتكم رسل منكم يتلون عليكم آيات ربكم وينذرونكم لقاء يومكم هذا قالوا بلى ولكن حقت كلمة العذاب على الكافرين"
      },
      {
        "ayah" : {
          "ayah" : 73,
          "sura" : 39
        },
        "text" : "وسيق الذين اتقوا ربهم إلى الجنة زمرا حتى إذا جاءوها وفتحت أبوابها وقال لهم خزنتها سلام عليكم طبتم فادخلوها خالدين"
      },
      {
        "ayah" : {
          "ayah" : 1,
          "sura" : 48
        },
        "text" : "بسم الله الرحمن الرحيم إنا فتحنا لك فتحا مبينا"
      },
      {
        "ayah" : {
          "ayah" : 18,
          "sura" : 48
        },
        "text" : "لقد رضي الله عن المؤمنين إذ يبايعونك تحت الشجرة فعلم ما في قلوبهم فأنزل السكينة عليهم وأثابهم فتحا قريبا"
      },
      {
        "ayah" : {
          "ayah" : 27,
          "sura" : 48
        },
        "text" : "لقد صدق الله رسوله الرؤيا بالحق لتدخلن المسجد الحرام إن شاء الله آمنين محلقين رءوسكم ومقصرين لا تخافون فعلم ما لم تعلموا فجعل من دون ذلك فتحا قريبا"
      },
      {
        "ayah" : {
          "ayah" : 11,
          "sura" : 54
        },
        "text" : "ففتحنا أبواب السماء بماء منهمر"
      },
      {
        "ayah" : {
          "ayah" : 10,
          "sura" : 57
        },
        "text" : "وما لكم ألا تنفقوا في سبيل الله ولله ميراث السماوات والأرض لا يستوي منكم من أنفق من قبل الفتح وقاتل أولئك أعظم درجة من الذين أنفقوا من بعد وقاتلوا وكلا وعد الله الحسنى والله بما تعملون خبير"
      },
      {
        "ayah" : {
          "ayah" : 3,
          "sura" : 58
        },
        "text" : "والذين يظاهرون من نسائهم ثم يعودون لما قالوا فتحرير رقبة من قبل أن يتماسا ذلكم توعظون به والله بما تعملون خبير"
      },
      {
        "ayah" : {
          "ayah" : 13,
          "sura" : 61
        },
        "text" : "وأخرى تحبونها نصر من الله وفتح قريب وبشر المؤمنين"
      },
      {
        "ayah" : {
          "ayah" : 19,
          "sura" : 78
        },
        "text" : "وفتحت السماء فكانت أبوابا"
      },
      {
        "ayah" : {
          "ayah" : 1,
          "sura" : 110
        },
        "text" : "بسم الله الرحمن الرحيم إذا جاء نصر الله والفتح"
      }
    ],
    "source" : {
      "rawKey" : "quran"
    }
  }
]