[
  "Yu",
  "yub (Job), ",
  "yunus",
  "yunus (Jonah) and Lout (Lot",
  "yunus (Jonah) was one of",
  "yunus (Jonah), Harun (Aaron), and",
  "yunus (Jonah); when they believed",
  "yusha' (Joshua) and Kalab (Caleb",
  "yusta'tabun (i.e. they shall not",
  "yusuf",
  "yusuf (Joseph) and his brethren",
  "yusuf (Joseph) and his brother",
  "yusuf (Joseph) by our belongings",
  "yusuf (Joseph) did come to",
  "yusuf (Joseph) in the land",
  "yusuf (Joseph) keep in himself",
  "yusuf (Joseph) or cast him",
  "yusuf (Joseph) said to his",
  "yusuf (Joseph) said: \"I asked",
  "yusuf (Joseph) until you become",
  "yusuf (Joseph)! Turn away from",
  "yusuf (Joseph)!\" And he lost",
  "yusuf (Joseph), - when we",
  "yusuf (Joseph), Musa (Moses), and",
  "yusuf (Joseph), and this is",
  "yusuf (Joseph), but if you",
  "yusuf (Joseph), he betook his",
  "yusuf (Joseph), if only you",
  "yusuf (Joseph), the man of",
  "yusuf (Joseph). He could not",
  "yusuf (Joseph)? Therefore I will",
  "yusuf (Joseph)?\" He said: \"I",
  "yusuf (Joseph)?\" The women said",
  "yusuf (Joseph)] attained his full",
  "yusuf (Joseph)] began (the search",
  "yusuf (Joseph)] said: \"For seven",
  "yusuf (Joseph)] said: \"It was",
  "yusuf (Joseph)] said: \"Return to",
  "yusuf (Joseph)] said: \"Set me",
  "yusuf (Joseph)] stayed in prison",
  "yusuf (Joseph)] to forget the",
  "yusuf (Joseph)] to you aforetime",
  "yusuf (Joseph)] told his servants",
  "yusuf (Joseph)] who did steal",
  "yusuf (Joseph)], they said: \"O",
  "yusuf (Joseph)]: \"Come out before",
  "yusuf's (Joseph) brethren came and",
  "yusuf's (Joseph) brothers] said: \"If",
  "yusuf's (Joseph) brothers] said: \"The",
  "yusuf's (Joseph) men] said: \"What",
  "yusuf's (Joseph)] shirt torn at"
]