[
  {
    "items" : [
      {
        "ayah" : {
          "ayah" : 1,
          "sura" : 10
        },
        "text" : "Surah Yūnus"
      },
      {
        "ayah" : {
          "ayah" : 1,
          "sura" : 12
        },
        "text" : "Surah Yūsuf"
      }
    ],
    "source" : {
      "rawKey" : "quran"
    }
  },
  {
    "items" : [
      {
        "ayah" : {
          "ayah" : 79,
          "sura" : 3
        },
        "text" : "It is not (possible) for any human being to whom Allah has given the Book and Al-Hukma (the knowledge and understanding of the laws of religion, etc.) and Prophethood to say to the people: \"Be my worshippers rather than Allah's.\" On the contrary (he would say): \"Be you Rabbaniyun (learned men of religion who practise what they know and also preach others), because you are teaching the Book, and you are studying it.\""
      },
      {
        "ayah" : {
          "ayah" : 163,
          "sura" : 4
        },
        "text" : "Verily, We have inspired you (O Muhammad SAW) as We inspired Nuh (Noah) and the Prophets after him; We (also) inspired Ibrahim (Abraham), Isma'il (Ishmael), Ishaque (Isaac), Ya'qub (Jacob), and Al-Asbat [the twelve sons of Ya'qub (Jacob)], 'Iesa (Jesus), Ayub (Job), Yunus (Jonah), Harun (Aaron), and Sulaiman (Solomon), and to Dawud (David) We gave the Zabur (Psalms)."
      },
      {
        "ayah" : {
          "ayah" : 23,
          "sura" : 5
        },
        "text" : "Two men of those who feared (Allah and) on whom Allah had bestowed His Grace [they were Yusha' (Joshua) and Kalab (Caleb)] said: \"Assault them through the gate, for when you are in, victory will be yours, and put your trust in Allah if you are believers indeed.\""
      },
      {
        "ayah" : {
          "ayah" : 84,
          "sura" : 6
        },
        "text" : "And We bestowed upon him Ishaque (Isaac) and Ya'qub (Jacob), each of them We guided, and before him, We guided Nuh (Noah), and among his progeny Dawud (David), Sulaiman (Solomon), Ayub (Job), Yusuf (Joseph), Musa (Moses), and Harun (Aaron). Thus do We reward the good-doers."
      },
      {
        "ayah" : {
          "ayah" : 86,
          "sura" : 6
        },
        "text" : "And Isma'il (Ishmael) and Al-Yas'a (Elisha), and Yunus (Jonah) and Lout (Lot), and each one of them We preferred above the 'Alamin (mankind and jinns) (of their times)."
      },
      {
        "ayah" : {
          "ayah" : 98,
          "sura" : 10
        },
        "text" : "Was there any town (community) that believed (after seeing the punishment), and its Faith (at that moment) saved it (from the punishment)? (The answer is none,) - except the people of Yunus (Jonah); when they believed, We removed from them the torment of disgrace in the life of the (present) world, and permitted them to enjoy for a while."
      },
      {
        "ayah" : {
          "ayah" : 4,
          "sura" : 12
        },
        "text" : "(Remember) when Yusuf (Joseph) said to his father: \"O my father! Verily, I saw (in a dream) eleven stars and the sun and the moon, I saw them prostrating themselves to me.\""
      },
      {
        "ayah" : {
          "ayah" : 7,
          "sura" : 12
        },
        "text" : "Verily, in Yusuf (Joseph) and his brethren, there were Ayat (proofs, evidences, verses, lessons, signs, revelations, etc.) for those who ask."
      },
      {
        "ayah" : {
          "ayah" : 8,
          "sura" : 12
        },
        "text" : "When they said: \"Truly, Yusuf (Joseph) and his brother (Benjamin) are loved more by our father than we, but we are 'Usbah (a strong group). Really, our father is in a plain error."
      },
      {
        "ayah" : {
          "ayah" : 9,
          "sura" : 12
        },
        "text" : "\"Kill Yusuf (Joseph) or cast him out to some (other) land, so that the favour of your father may be given to you alone, and after that you will be righteous folk (by intending repentance before committing the sin).\""
      },
      {
        "ayah" : {
          "ayah" : 10,
          "sura" : 12
        },
        "text" : "One from among them said: \"Kill not Yusuf (Joseph), but if you must do something, throw him down to the bottom of a well, he will be picked up by some caravan of travellers.\""
      },
      {
        "ayah" : {
          "ayah" : 11,
          "sura" : 12
        },
        "text" : "They said: \"O our father! Why do you not trust us with Yusuf (Joseph), - when we are indeed his well-wishers?\""
      },
      {
        "ayah" : {
          "ayah" : 17,
          "sura" : 12
        },
        "text" : "They said:\"O our father! We went racing with one another, and left Yusuf (Joseph) by our belongings and a wolf devoured him; but you will never believe us even when we speak the truth.\""
      },
      {
        "ayah" : {
          "ayah" : 21,
          "sura" : 12
        },
        "text" : "And he (the man) from Egypt who bought him, said to his wife: \"Make his stay comfortable, may be he will profit us or we shall adopt him as a son.\" Thus did We establish Yusuf (Joseph) in the land, that We might teach him the interpretation of events. And Allah has full power and control over His Affairs, but most of men know not."
      },
      {
        "ayah" : {
          "ayah" : 22,
          "sura" : 12
        },
        "text" : "And when he [Yusuf (Joseph)] attained his full manhood, We gave him wisdom and knowledge (the Prophethood), thus We reward the Muhsinun (doers of good - see V. 2:112)."
      },
      {
        "ayah" : {
          "ayah" : 26,
          "sura" : 12
        },
        "text" : "He [Yusuf (Joseph)] said: \"It was she that sought to seduce me,\" - and a witness of her household bore witness (saying): \"If it be that his shirt is torn from the front, then her tale is true and he is a liar!"
      },
      {
        "ayah" : {
          "ayah" : 28,
          "sura" : 12
        },
        "text" : "So when he (her husband) saw his [(Yusuf's (Joseph)] shirt torn at the back; (her husband) said: \"Surely, it is a plot of you women! Certainly mighty is your plot!"
      },
      {
        "ayah" : {
          "ayah" : 29,
          "sura" : 12
        },
        "text" : "\"O Yusuf (Joseph)! Turn away from this! (O woman!) Ask forgiveness for your sin. Verily, you were of the sinful.\""
      },
      {
        "ayah" : {
          "ayah" : 31,
          "sura" : 12
        },
        "text" : "So when she heard of their accusation, she sent for them and prepared a banquet for them; she gave each one of them a knife (to cut the foodstuff with), and she said [(to Yusuf (Joseph)]: \"Come out before them.\" Then, when they saw him, they exalted him (at his beauty) and (in their astonishment) cut their hands. They said: \"How perfect is Allah (or Allah forbid)! No man is this! This is none other than a noble angel!\""
      },
      {
        "ayah" : {
          "ayah" : 42,
          "sura" : 12
        },
        "text" : "And he said to the one whom he knew to be saved: \"Mention me to your lord (i.e. your king, so as to get me out of the prison).\" But Shaitan (Satan) made him forget to mention it to his Lord [or Satan made [(Yusuf (Joseph)] to forget the remembrance of his Lord (Allah) as to ask for His Help, instead of others]. So [Yusuf (Joseph)] stayed in prison a few (more) years."
      },
      {
        "ayah" : {
          "ayah" : 46,
          "sura" : 12
        },
        "text" : "(He said): \"O Yusuf (Joseph), the man of truth! Explain to us (the dream) of seven fat cows whom seven lean ones were devouring, and of seven green ears of corn, and (seven) others dry, that I may return to the people, and that they may know.\""
      },
      {
        "ayah" : {
          "ayah" : 47,
          "sura" : 12
        },
        "text" : "[(Yusuf (Joseph)] said: \"For seven consecutive years, you shall sow as usual and that (the harvest) which you reap you shall leave in ears, (all) - except a little of it which you may eat."
      },
      {
        "ayah" : {
          "ayah" : 50,
          "sura" : 12
        },
        "text" : "And the king said: \"Bring him to me.\" But when the messenger came to him, [Yusuf (Joseph)] said: \"Return to your lord and ask him, 'What happened to the women who cut their hands? Surely, my Lord (Allah) is Well-Aware of their plot. "
      },
      {
        "ayah" : {
          "ayah" : 51,
          "sura" : 12
        },
        "text" : "(The King) said (to the women): \"What was your affair when you did seek to seduce Yusuf (Joseph)?\" The women said: \"Allah forbid! No evil know we against him!\" The wife of Al-'Aziz said: \"Now the truth is manifest (to all), it was I who sought to seduce him, and he is surely of the truthful.\""
      },
      {
        "ayah" : {
          "ayah" : 52,
          "sura" : 12
        },
        "text" : "[Then Yusuf (Joseph) said: \"I asked for this enquiry] in order that he (Al-'Aziz) may know that I betrayed him not in secret. And, verily! Allah guides not the plot of the betrayers."
      },
      {
        "ayah" : {
          "ayah" : 55,
          "sura" : 12
        },
        "text" : "[Yusuf (Joseph)] said: \"Set me over the storehouses of the land; I will indeed guard them with full knowledge\" (as a minister of finance in Egypt, in place of Al-'Aziz who was dead at that time)."
      },
      {
        "ayah" : {
          "ayah" : 56,
          "sura" : 12
        },
        "text" : "Thus did We give full authority to Yusuf (Joseph) in the land, to take possession therein, as when or where he likes. We bestow of Our Mercy on whom We please, and We make not to be lost the reward of Al-Muhsinun (the good doers - see V. 2:112)."
      },
      {
        "ayah" : {
          "ayah" : 58,
          "sura" : 12
        },
        "text" : "And Yusuf's (Joseph) brethren came and they entered unto him, and he recognized them, but they recognized him not."
      },
      {
        "ayah" : {
          "ayah" : 62,
          "sura" : 12
        },
        "text" : "And [Yusuf (Joseph)] told his servants to put their money (with which they had bought the corn) into their bags, so that they might know it when they go back to their people, in order that they might come back."
      },
      {
        "ayah" : {
          "ayah" : 64,
          "sura" : 12
        },
        "text" : "He said: \"Can I entrust him to you except as I entrusted his brother [Yusuf (Joseph)] to you aforetime? But Allah is the Best to guard, and He is the Most Merciful of those who show mercy.\""
      },
      {
        "ayah" : {
          "ayah" : 69,
          "sura" : 12
        },
        "text" : "And when they went in before Yusuf (Joseph), he betook his brother (Benjamin) to himself and said: \"Verily! I am your brother, so grieve not for what they used to do.\""
      },
      {
        "ayah" : {
          "ayah" : 74,
          "sura" : 12
        },
        "text" : "They [Yusuf's (Joseph) men] said: \"What then shall be the penalty of him, if you are (proved to be) liars.\""
      },
      {
        "ayah" : {
          "ayah" : 75,
          "sura" : 12
        },
        "text" : "They [Yusuf's (Joseph) brothers] said: \"The penalty should be that he, in whose bag it is found, should be held for the punishment (of the crime). Thus we punish the Zalimun (wrong-doers, etc.)!\""
      },
      {
        "ayah" : {
          "ayah" : 76,
          "sura" : 12
        },
        "text" : "So he [Yusuf (Joseph)] began (the search) in their bags before the bag of his brother. Then he brought it out of his brother's bag. Thus did We plan for Yusuf (Joseph). He could not take his brother by the law of the king (as a slave), except that Allah willed it. (So Allah made the brothers to bind themselves with their way of \"punishment, i.e. enslaving of a thief.\") We raise to degrees whom We please, but over all those endowed with knowledge is the All-Knowing (Allah)."
      },
      {
        "ayah" : {
          "ayah" : 77,
          "sura" : 12
        },
        "text" : "They [(Yusuf's (Joseph) brothers] said: \"If he steals, there was a brother of his [Yusuf (Joseph)] who did steal before (him).\" But these things did Yusuf (Joseph) keep in himself, revealing not the secrets to them. He said (within himself): \"You are in worst case, and Allah knows best the truth of what you assert!\""
      },
      {
        "ayah" : {
          "ayah" : 80,
          "sura" : 12
        },
        "text" : "So, when they despaired of him, they held a conference in private. The eldest among them said: \"Know you not that your father did take an oath from you in Allah's Name, and before this you did fail in your duty with Yusuf (Joseph)? Therefore I will not leave this land until my father permits me, or Allah decides my case (by releasing Benjamin) and He is the Best of the judges."
      },
      {
        "ayah" : {
          "ayah" : 84,
          "sura" : 12
        },
        "text" : "And he turned away from them and said: \"Alas, my grief for Yusuf (Joseph)!\" And he lost his sight because of the sorrow that he was suppressing."
      },
      {
        "ayah" : {
          "ayah" : 85,
          "sura" : 12
        },
        "text" : "They said: \"By Allah! You will never cease remembering Yusuf (Joseph) until you become weak with old age, or until you be of the dead.\""
      },
      {
        "ayah" : {
          "ayah" : 87,
          "sura" : 12
        },
        "text" : "\"O my sons! Go you and enquire about Yusuf (Joseph) and his brother, and never give up hope of Allah's Mercy. Certainly no one despairs of Allah's Mercy, except the people who disbelieve.\""
      },
      {
        "ayah" : {
          "ayah" : 88,
          "sura" : 12
        },
        "text" : "Then, when they entered unto him [Yusuf (Joseph)], they said: \"O ruler of the land! A hard time has hit us and our family, and we have brought but poor capital, so pay us full measure and be charitable to us. Truly, Allah does reward the charitable.\""
      },
      {
        "ayah" : {
          "ayah" : 89,
          "sura" : 12
        },
        "text" : "He said: \"Do you know what you did with Yusuf (Joseph) and his brother, when you were ignorant?\""
      },
      {
        "ayah" : {
          "ayah" : 90,
          "sura" : 12
        },
        "text" : "They said: \"Are you indeed Yusuf (Joseph)?\" He said: \"I am Yusuf (Joseph), and this is my brother (Benjamin). Allah has indeed been gracious to us. Verily, he who fears Allah with obedience to Him (by abstaining from sins and evil deeds, and by performing righteous good deeds), and is patient, then surely, Allah makes not the reward of the Muhsinun (good-doers - see V. 2:112) to be lost.\""
      },
      {
        "ayah" : {
          "ayah" : 94,
          "sura" : 12
        },
        "text" : "And when the caravan departed, their father said: \"I do indeed feel the smell of Yusuf (Joseph), if only you think me not a dotard (a person who has weakness of mind because of old age).\""
      },
      {
        "ayah" : {
          "ayah" : 99,
          "sura" : 12
        },
        "text" : "Then, when they entered unto Yusuf (Joseph), he betook his parents to himself and said: \"Enter Egypt, if Allah wills, in security.\""
      },
      {
        "ayah" : {
          "ayah" : 83,
          "sura" : 21
        },
        "text" : "And (remember) Ayub (Job), when he cried to his Lord: \"Verily, distress has seized me, and You are the Most Merciful of all those who show mercy.\""
      },
      {
        "ayah" : {
          "ayah" : 31,
          "sura" : 24
        },
        "text" : "And tell the believing women to lower their gaze (from looking at forbidden things), and protect their private parts (from illegal sexual acts, etc.) and not to show off their adornment except only that which is apparent (like palms of hands or one eye or both eyes for necessity to see the way, or outer dress like veil, gloves, head-cover, apron, etc.), and to draw their veils all over Juyubihinna (i.e. their bodies, faces, necks and bosoms, etc.) and not to reveal their adornment except to their husbands, their fathers, their husband's fathers, their sons, their husband's sons, their brothers or their brother's sons, or their sister's sons, or their (Muslim) women (i.e. their sisters in Islam), or the (female) slaves whom their right hands possess, or old male servants who lack vigour, or small children who have no sense of the shame of sex. And let them not stamp their feet so as to reveal what they hide of their adornment. And all of you beg Allah to forgive you all, O believers, that you may be successful."
      },
      {
        "ayah" : {
          "ayah" : 139,
          "sura" : 37
        },
        "text" : "And, verily, Yunus (Jonah) was one of the Messengers."
      },
      {
        "ayah" : {
          "ayah" : 41,
          "sura" : 38
        },
        "text" : "And remember Our slave Ayub (Job), when he invoked his Lord (saying): \"Verily! Shaitan (Satan) has touched me with distress (by losing my health) and torment (by losing my wealth)!"
      },
      {
        "ayah" : {
          "ayah" : 34,
          "sura" : 40
        },
        "text" : "And indeed Yusuf (Joseph) did come to you, in times gone by, with clear signs, but you ceased not to doubt in that which he did bring to you, till when he died you said: \"No Messenger will Allah send after him.\" Thus Allah leaves astray him who is a Musrif (a polytheist, oppressor, a criminal, sinner who commit great sins) and a Murtab (one who doubts Allah's Warning and His Oneness)."
      },
      {
        "ayah" : {
          "ayah" : 35,
          "sura" : 45
        },
        "text" : "This, because you took the revelations of Allah (this Quran) in mockery, and the life of the world deceived you. So this Day, they shall not be taken out from there (Hell), nor shall they be Yusta'tabun (i.e. they shall not return to the worldly life, so that they repent to Allah, and beg His Pardon for their sins)."
      },
      {
        "ayah" : {
          "ayah" : 18,
          "sura" : 83
        },
        "text" : "Nay! Verily, the Record (writing of the deeds) of Al-Abrar (the pious who fear Allah and avoid evil), is (preserved) in 'Illiyyun."
      },
      {
        "ayah" : {
          "ayah" : 19,
          "sura" : 83
        },
        "text" : "And what will make you know what 'Illiyyun is?"
      }
    ],
    "source" : {
      "rawKey" : "translation: 1"
    }
  },
  {
    "items" : [
      {
        "ayah" : {
          "ayah" : 18,
          "sura" : 83
        },
        "text" : "No! Indeed, the record of the righteous is in 'illiyyun."
      },
      {
        "ayah" : {
          "ayah" : 19,
          "sura" : 83
        },
        "text" : "And what can make you know what is 'illiyyun?"
      }
    ],
    "source" : {
      "rawKey" : "translation: 2"
    }
  }
]