[
  {
    "items" : [
      {
        "ayah" : {
          "ayah" : 1,
          "sura" : 33
        },
        "text" : "سُورَةُ ⁨الأَحۡزَابِ⁩"
      },
      {
        "ayah" : {
          "ayah" : 1,
          "sura" : 46
        },
        "text" : "سُورَةُ ⁨الأَحۡقَافِ⁩"
      },
      {
        "ayah" : {
          "ayah" : 44,
          "sura" : 5
        },
        "text" : "إنا أنزلنا التوراة فيها هدى ونور يحكم بها النبيون الذين أسلموا للذين هادوا والربانيون والأحبار بما استحفظوا من كتاب الله وكانوا عليه شهداء فلا تخشوا الناس واخشون ولا تشتروا بآياتي ثمنا قليلا ومن لم يحكم بما أنزل الله فأولئك هم الكافرون"
      },
      {
        "ayah" : {
          "ayah" : 63,
          "sura" : 5
        },
        "text" : "لولا ينهاهم الربانيون والأحبار عن قولهم الإثم وأكلهم السحت لبئس ما كانوا يصنعون"
      },
      {
        "ayah" : {
          "ayah" : 34,
          "sura" : 9
        },
        "text" : "يا أيها الذين آمنوا إن كثيرا من الأحبار والرهبان ليأكلون أموال الناس بالباطل ويصدون عن سبيل الله والذين يكنزون الذهب والفضة ولا ينفقونها في سبيل الله فبشرهم بعذاب أليم"
      },
      {
        "ayah" : {
          "ayah" : 17,
          "sura" : 11
        },
        "text" : "أفمن كان على بينة من ربه ويتلوه شاهد منه ومن قبله كتاب موسى إماما ورحمة أولئك يؤمنون به ومن يكفر به من الأحزاب فالنار موعده فلا تك في مرية منه إنه الحق من ربك ولكن أكثر الناس لا يؤمنون"
      },
      {
        "ayah" : {
          "ayah" : 6,
          "sura" : 12
        },
        "text" : "وكذلك يجتبيك ربك ويعلمك من تأويل الأحاديث ويتم نعمته عليك وعلى آل يعقوب كما أتمها على أبويك من قبل إبراهيم وإسحاق إن ربك عليم حكيم"
      },
      {
        "ayah" : {
          "ayah" : 21,
          "sura" : 12
        },
        "text" : "وقال الذي اشتراه من مصر لامرأته أكرمي مثواه عسى أن ينفعنا أو نتخذه ولدا وكذلك مكنا ليوسف في الأرض ولنعلمه من تأويل الأحاديث والله غالب على أمره ولكن أكثر الناس لا يعلمون"
      },
      {
        "ayah" : {
          "ayah" : 44,
          "sura" : 12
        },
        "text" : "قالوا أضغاث أحلام وما نحن بتأويل الأحلام بعالمين"
      },
      {
        "ayah" : {
          "ayah" : 101,
          "sura" : 12
        },
        "text" : "رب قد آتيتني من الملك وعلمتني من تأويل الأحاديث فاطر السماوات والأرض أنت وليي في الدنيا والآخرة توفني مسلما وألحقني بالصالحين"
      },
      {
        "ayah" : {
          "ayah" : 36,
          "sura" : 13
        },
        "text" : "والذين آتيناهم الكتاب يفرحون بما أنزل إليك ومن الأحزاب من ينكر بعضه قل إنما أمرت أن أعبد الله ولا أشرك به إليه أدعو وإليه مآب"
      },
      {
        "ayah" : {
          "ayah" : 90,
          "sura" : 16
        },
        "text" : "إن الله يأمر بالعدل والإحسان وإيتاء ذي القربى وينهى عن الفحشاء والمنكر والبغي يعظكم لعلكم تذكرون"
      },
      {
        "ayah" : {
          "ayah" : 37,
          "sura" : 19
        },
        "text" : "فاختلف الأحزاب من بينهم فويل للذين كفروا من مشهد يوم عظيم"
      },
      {
        "ayah" : {
          "ayah" : 20,
          "sura" : 33
        },
        "text" : "يحسبون الأحزاب لم يذهبوا وإن يأت الأحزاب يودوا لو أنهم بادون في الأعراب يسألون عن أنبائكم ولو كانوا فيكم ما قاتلوا إلا قليلا"
      },
      {
        "ayah" : {
          "ayah" : 22,
          "sura" : 33
        },
        "text" : "ولما رأى المؤمنون الأحزاب قالوا هذا ما وعدنا الله ورسوله وصدق الله ورسوله وما زادهم إلا إيمانا وتسليما"
      },
      {
        "ayah" : {
          "ayah" : 22,
          "sura" : 35
        },
        "text" : "وما يستوي الأحياء ولا الأموات إن الله يسمع من يشاء وما أنت بمسمع من في القبور"
      },
      {
        "ayah" : {
          "ayah" : 11,
          "sura" : 38
        },
        "text" : "جند ما هنالك مهزوم من الأحزاب"
      },
      {
        "ayah" : {
          "ayah" : 13,
          "sura" : 38
        },
        "text" : "وثمود وقوم لوط وأصحاب الأيكة أولئك الأحزاب"
      },
      {
        "ayah" : {
          "ayah" : 5,
          "sura" : 40
        },
        "text" : "كذبت قبلهم قوم نوح والأحزاب من بعدهم وهمت كل أمة برسولهم ليأخذوه وجادلوا بالباطل ليدحضوا به الحق فأخذتهم فكيف كان عقاب"
      },
      {
        "ayah" : {
          "ayah" : 30,
          "sura" : 40
        },
        "text" : "وقال الذي آمن يا قوم إني أخاف عليكم مثل يوم الأحزاب"
      },
      {
        "ayah" : {
          "ayah" : 65,
          "sura" : 43
        },
        "text" : "فاختلف الأحزاب من بينهم فويل للذين ظلموا من عذاب يوم أليم"
      },
      {
        "ayah" : {
          "ayah" : 21,
          "sura" : 46
        },
        "text" : "واذكر أخا عاد إذ أنذر قومه بالأحقاف وقد خلت النذر من بين يديه ومن خلفه ألا تعبدوا إلا الله إني أخاف عليكم عذاب يوم عظيم"
      },
      {
        "ayah" : {
          "ayah" : 60,
          "sura" : 55
        },
        "text" : "هل جزاء الإحسان إلا الإحسان"
      },
      {
        "ayah" : {
          "ayah" : 4,
          "sura" : 65
        },
        "text" : "واللائي يئسن من المحيض من نسائكم إن ارتبتم فعدتهن ثلاثة أشهر واللائي لم يحضن وأولات الأحمال أجلهن أن يضعن حملهن ومن يتق الله يجعل له من أمره يسرا"
      }
    ],
    "source" : {
      "rawKey" : "quran"
    }
  }
]