[
  {
    "items" : [
      {
        "ayah" : {
          "ayah" : 1,
          "sura" : 16
        },
        "text" : "سُورَةُ ⁨النَّحۡلِ⁩"
      },
      {
        "ayah" : {
          "ayah" : 68,
          "sura" : 16
        },
        "text" : "وأوحى ربك إلى النحل أن اتخذي من الجبال بيوتا ومن الشجر ومما يعرشون"
      }
    ],
    "source" : {
      "rawKey" : "quran"
    }
  }
]