[
  "All",
  "all around him, ",
  "all be consigned to the",
  "all be no fear on",
  "all be no fear, nor",
  "all compel him to the",
  "all cows are alike, And",
  "all down for fear of",
  "all find it with ",
  "all find what you want",
  "all have their reward with",
  "all kinds of good deeds",
  "all kinds of sins and",
  "all leave him in contentment",
  "all never believe in you",
  "all not touch us but",
  "all of you from this",
  "all please you, so turn",
  "all recite unto them Your",
  "all return",
  "all surrender with obedience (in",
  "all that exists",
  "all that is good. Wheresoever",
  "all that is in the",
  "all that is on earth",
  "all that they associate with",
  "all the Ayat (proofs, evidences",
  "all the ceremonies of pilgrimage",
  "all the names (of everything",
  "all the praises and thanks",
  "all they grieve",
  "all they grieve. [See Tafsir",
  "all things",
  "all together",
  "all turn you to a",
  "all upon your Lord for",
  "all were Muslims)? And who",
  "all with enmity between yourselves",
  "all worship your Ilah (God",
  "all you (Jews) tell them",
  "all your witnesses (supporters and",
  "allAware of the Zalimun (polytheists",
  "allHearer, the ",
  "allKnower",
  "allKnower of everything",
  "allKnower, the ",
  "allKnowing",
  "allMighty, the ",
  "allRecogniser, ",
  "allSeer of what they do",
  "allSeer of what you do",
  "allSufficient for His creatures' needs",
  "allWise",
  "allah",
  "allah (Alone) and be dutiful",
  "allah (Alone) knows their meanings",
  "allah (Alone)], and he was",
  "allah (Islam) and which Sibghah",
  "allah (and He is High",
  "allah (and do not believe",
  "allah (for coming of Muhammad",
  "allah (i.e. Islamic Monotheism) that",
  "allah (i.e. Muhammad Peace be",
  "allah (i.e. follows ",
  "allah (in worship) while you",
  "allah (knows betterÂ… that they",
  "allah - Islamic Monotheism) and",
  "allah - see V. 2:105",
  "allah - those who obey",
  "allah [the Taurat (Torah)], then",
  "allah aforetime, if you indeed",
  "allah and cursed by the",
  "allah and killed the Prophets",
  "allah and of the angels",
  "allah and that which has",
  "allah and the Last Day",
  "allah and those who believe",
  "allah answered their invocation by",
  "allah be on the disbelievers",
  "allah behind their backs as",
  "allah belong both, east and",
  "allah belong the east and",
  "allah brings His Command. Verily",
  "allah brings the dead to",
  "allah brought forth that which",
  "allah chooses for His Mercy",
  "allah commands you that you",
  "allah confirming what is with",
  "allah ever encompasses the disbelievers",
  "allah guided. And ",
  "allah has begotten a son",
  "allah has chosen for you",
  "allah has cursed them for",
  "allah has increased their disease",
  "allah has ordered to be",
  "allah has power over ",
  "allah has provided and do",
  "allah has revealed (the Quran",
  "allah has revealed to you",
  "allah has sent down,\" they",
  "allah has set a seal",
  "allah intend by this parable",
  "allah is ",
  "allah is Able to do",
  "allah is able to do",
  "allah is an enemy to",
  "allah is full of kindness",
  "allah is indeed for you",
  "allah is not ashamed to",
  "allah is not unaware of",
  "allah is the Owner of",
  "allah is with As-Sabirin (the",
  "allah knows what they conceal",
  "allah loves) you send forth",
  "allah mocks at them and",
  "allah much (abstain from ",
  "allah much (perform ",
  "allah neither any Wali (protector",
  "allah plainly.\" But you were",
  "allah should reveal of His",
  "allah speak to us (face",
  "allah to Whom belongs the",
  "allah took away their light",
  "allah upon you, indeed you",
  "allah we belong and truly",
  "allah what you know not",
  "allah while He is our",
  "allah will bring you together",
  "allah will gather them ",
  "allah will judge between them",
  "allah will not break His",
  "allah will suffice you against",
  "allah willed, He could have",
  "allah wills, we will be",
  "allah with full submission, fear",
  "allah would never make your",
  "allah you have neither any",
  "allah's Cause - Jihad, etc",
  "allah's Command",
  "allah's Covenant after ratifying it",
  "allah's Guidance), and on their",
  "allah's Leave. And they learn",
  "allah's Messenger Muhammad Peace be",
  "allah's Messenger and his qualities",
  "allah's Messenger) has become manifest",
  "allah's Mosques and strive for",
  "allah's Mosques) except in fear",
  "allah's Name be glorified and",
  "allah's Obedience. (Tafsir At-Tabari, Vol",
  "allah's Permission, confirming what came",
  "allah's Refuge from being among",
  "allah's Religion of Islamic Monotheism",
  "allah's Word).\" Nay, ",
  "allah's sake only without any",
  "allah's? And we are His",
  "allah) along with Ar-Raki'un",
  "allah) answered: \"As for him",
  "allah) on the people and",
  "allah) said (to him), \"Verily",
  "allah) said, \"My Covenant (Prophethood",
  "allah) said: \"I know that",
  "allah), Who created you and",
  "allah), on such sh",
  "allah), the Ilah (God) of",
  "allah), then indeed you will",
  "allah, \"They are dead.\" Nay",
  "allah, His Angels, His Messengers",
  "allah, Islam) was enjoined by",
  "allah, far better would have",
  "allah, i.e. commit crimes and",
  "allah, idolaters, polytheists, pagans, etc",
  "allah, if you are truthful",
  "allah, so that ",
  "allah, the Lord of the",
  "allah, the Most Beneficent, the",
  "allah,\" to purchase with it",
  "allah. And ",
  "allah. Certainly, ",
  "allah. So it is not",
  "allah. That was because they",
  "allah? And ",
  "allah? Seeing that you were",
  "allah] tried him with (certain",
  "allayl",
  "aller) than it. And as",
  "ally and not for others",
  "ally for "
]