[
  "الأعلون إن كنتم مؤمنين",
  "الأعلون والله معكم ولن يتركم",
  "الأعلى",
  "الأعلى إذ يختصمون",
  "الأعلى في السماوات والأرض وهو",
  "الأعلى وهو العزيز الحكيم",
  "الأعلى ويقذفون من كل جانب",
  "الأعلىٰ",
  "الأَعۡلَ"
]