[
  "لكنا",
  "لكنا أهدى منهم فقد جاءكم",
  "لكنا عباد الله المخلصين",
  "لكنا مؤمنين",
  "لكنا هو الله ربي ولا"
]