{
  "playing" : {
    "_0" : {
      "endTime" : 33.567999999999998,
      "files" : [
        {
          "frames" : [
            {
              "endTime" : null,
              "startTime" : 12.206
            },
            {
              "endTime" : null,
              "startTime" : 17.731999999999999
            },
            {
              "endTime" : null,
              "startTime" : 22.329999999999998
            },
            {
              "endTime" : null,
              "startTime" : 26.881
            }
          ],
          "url" : "\/audio_files\/mishari_alafasy\/001.mp3"
        }
      ],
      "frameRuns" : 1,
      "requestRuns" : 1
    }
  }
}