{
  "playing" : {
    "_0" : {
      "endTime" : 275.88099999999997,
      "files" : [
        {
          "frames" : [
            {
              "endTime" : null,
              "startTime" : 269.197
            }
          ],
          "url" : "\/audio_files\/reciter2\/077.mp3"
        }
      ],
      "frameRuns" : 1,
      "requestRuns" : 1
    }
  }
}