[
  "الرحمن",
  "الحي القيوم",
  "يس",
  "7",
  "5:88",
  "تبارك",
  "عم",
  "أعوذ"
]