{
  "playing" : {
    "_0" : {
      "endTime" : null,
      "files" : [
        {
          "frames" : [
            {
              "endTime" : null,
              "startTime" : 0
            },
            {
              "endTime" : null,
              "startTime" : 12.206
            },
            {
              "endTime" : null,
              "startTime" : 17.732
            },
            {
              "endTime" : null,
              "startTime" : 22.33
            },
            {
              "endTime" : null,
              "startTime" : 26.881
            },
            {
              "endTime" : null,
              "startTime" : 33.568
            },
            {
              "endTime" : null,
              "startTime" : 39.01
            }
          ],
          "url" : "\/audio_files\/mishari_alafasy\/001.mp3"
        }
      ],
      "frameRuns" : 1,
      "requestRuns" : 1
    }
  }
}