[
  {
    "frame" : [
      [
        717,
        244
      ],
      [
        268,
        95
      ]
    ],
    "word" : {
      "verse" : {
        "ayah" : 1,
        "sura" : 1
      },
      "word" : 1
    }
  },
  {
    "frame" : [
      [
        671,
        244
      ],
      [
        46,
        95
      ]
    ],
    "word" : {
      "verse" : {
        "ayah" : 1,
        "sura" : 1
      },
      "word" : 2
    }
  },
  {
    "frame" : [
      [
        580,
        244
      ],
      [
        91,
        95
      ]
    ],
    "word" : {
      "verse" : {
        "ayah" : 1,
        "sura" : 1
      },
      "word" : 3
    }
  },
  {
    "frame" : [
      [
        471,
        244
      ],
      [
        109,
        95
      ]
    ],
    "word" : {
      "verse" : {
        "ayah" : 1,
        "sura" : 1
      },
      "word" : 4
    }
  },
  {
    "frame" : [
      [
        230,
        244
      ],
      [
        241,
        95
      ]
    ],
    "word" : {
      "verse" : {
        "ayah" : 1,
        "sura" : 1
      },
      "word" : 5
    }
  },
  {
    "frame" : [
      [
        776,
        339
      ],
      [
        209,
        109
      ]
    ],
    "word" : {
      "verse" : {
        "ayah" : 2,
        "sura" : 1
      },
      "word" : 1
    }
  },
  {
    "frame" : [
      [
        725,
        339
      ],
      [
        51,
        109
      ]
    ],
    "word" : {
      "verse" : {
        "ayah" : 2,
        "sura" : 1
      },
      "word" : 2
    }
  },
  {
    "frame" : [
      [
        616,
        339
      ],
      [
        109,
        109
      ]
    ],
    "word" : {
      "verse" : {
        "ayah" : 2,
        "sura" : 1
      },
      "word" : 3
    }
  },
  {
    "frame" : [
      [
        379,
        339
      ],
      [
        237,
        109
      ]
    ],
    "word" : {
      "verse" : {
        "ayah" : 2,
        "sura" : 1
      },
      "word" : 4
    }
  },
  {
    "frame" : [
      [
        230,
        339
      ],
      [
        149,
        109
      ]
    ],
    "word" : {
      "verse" : {
        "ayah" : 2,
        "sura" : 1
      },
      "word" : 5
    }
  },
  {
    "frame" : [
      [
        848,
        448
      ],
      [
        137,
        107
      ]
    ],
    "word" : {
      "verse" : {
        "ayah" : 3,
        "sura" : 1
      },
      "word" : 1
    }
  },
  {
    "frame" : [
      [
        706,
        448
      ],
      [
        142,
        107
      ]
    ],
    "word" : {
      "verse" : {
        "ayah" : 3,
        "sura" : 1
      },
      "word" : 2
    }
  },
  {
    "frame" : [
      [
        624,
        448
      ],
      [
        82,
        107
      ]
    ],
    "word" : {
      "verse" : {
        "ayah" : 3,
        "sura" : 1
      },
      "word" : 3
    }
  },
  {
    "frame" : [
      [
        514,
        448
      ],
      [
        110,
        107
      ]
    ],
    "word" : {
      "verse" : {
        "ayah" : 4,
        "sura" : 1
      },
      "word" : 1
    }
  },
  {
    "frame" : [
      [
        445,
        448
      ],
      [
        69,
        107
      ]
    ],
    "word" : {
      "verse" : {
        "ayah" : 4,
        "sura" : 1
      },
      "word" : 2
    }
  },
  {
    "frame" : [
      [
        309,
        448
      ],
      [
        136,
        107
      ]
    ],
    "word" : {
      "verse" : {
        "ayah" : 4,
        "sura" : 1
      },
      "word" : 3
    }
  },
  {
    "frame" : [
      [
        230,
        448
      ],
      [
        79,
        107
      ]
    ],
    "word" : {
      "verse" : {
        "ayah" : 4,
        "sura" : 1
      },
      "word" : 4
    }
  },
  {
    "frame" : [
      [
        894,
        555
      ],
      [
        91,
        104
      ]
    ],
    "word" : {
      "verse" : {
        "ayah" : 5,
        "sura" : 1
      },
      "word" : 1
    }
  },
  {
    "frame" : [
      [
        789,
        555
      ],
      [
        105,
        104
      ]
    ],
    "word" : {
      "verse" : {
        "ayah" : 5,
        "sura" : 1
      },
      "word" : 2
    }
  },
  {
    "frame" : [
      [
        667,
        555
      ],
      [
        122,
        104
      ]
    ],
    "word" : {
      "verse" : {
        "ayah" : 5,
        "sura" : 1
      },
      "word" : 3
    }
  },
  {
    "frame" : [
      [
        445,
        555
      ],
      [
        222,
        104
      ]
    ],
    "word" : {
      "verse" : {
        "ayah" : 5,
        "sura" : 1
      },
      "word" : 4
    }
  },
  {
    "frame" : [
      [
        363,
        555
      ],
      [
        82,
        104
      ]
    ],
    "word" : {
      "verse" : {
        "ayah" : 5,
        "sura" : 1
      },
      "word" : 5
    }
  },
  {
    "frame" : [
      [
        230,
        555
      ],
      [
        133,
        104
      ]
    ],
    "word" : {
      "verse" : {
        "ayah" : 6,
        "sura" : 1
      },
      "word" : 1
    }
  },
  {
    "frame" : [
      [
        837,
        659
      ],
      [
        148,
        122
      ]
    ],
    "word" : {
      "verse" : {
        "ayah" : 6,
        "sura" : 1
      },
      "word" : 2
    }
  },
  {
    "frame" : [
      [
        654,
        659
      ],
      [
        183,
        122
      ]
    ],
    "word" : {
      "verse" : {
        "ayah" : 6,
        "sura" : 1
      },
      "word" : 3
    }
  },
  {
    "frame" : [
      [
        574,
        659
      ],
      [
        80,
        122
      ]
    ],
    "word" : {
      "verse" : {
        "ayah" : 6,
        "sura" : 1
      },
      "word" : 4
    }
  },
  {
    "frame" : [
      [
        461,
        659
      ],
      [
        113,
        122
      ]
    ],
    "word" : {
      "verse" : {
        "ayah" : 7,
        "sura" : 1
      },
      "word" : 1
    }
  },
  {
    "frame" : [
      [
        372,
        659
      ],
      [
        89,
        122
      ]
    ],
    "word" : {
      "verse" : {
        "ayah" : 7,
        "sura" : 1
      },
      "word" : 2
    }
  },
  {
    "frame" : [
      [
        230,
        659
      ],
      [
        142,
        122
      ]
    ],
    "word" : {
      "verse" : {
        "ayah" : 7,
        "sura" : 1
      },
      "word" : 3
    }
  },
  {
    "frame" : [
      [
        766,
        781
      ],
      [
        219,
        107
      ]
    ],
    "word" : {
      "verse" : {
        "ayah" : 7,
        "sura" : 1
      },
      "word" : 4
    }
  },
  {
    "frame" : [
      [
        699,
        781
      ],
      [
        67,
        107
      ]
    ],
    "word" : {
      "verse" : {
        "ayah" : 7,
        "sura" : 1
      },
      "word" : 5
    }
  },
  {
    "frame" : [
      [
        466,
        781
      ],
      [
        233,
        107
      ]
    ],
    "word" : {
      "verse" : {
        "ayah" : 7,
        "sura" : 1
      },
      "word" : 6
    }
  },
  {
    "frame" : [
      [
        230,
        781
      ],
      [
        236,
        107
      ]
    ],
    "word" : {
      "verse" : {
        "ayah" : 7,
        "sura" : 1
      },
      "word" : 7
    }
  },
  {
    "frame" : [
      [
        704,
        888
      ],
      [
        281,
        87
      ]
    ],
    "word" : {
      "verse" : {
        "ayah" : 7,
        "sura" : 1
      },
      "word" : 8
    }
  },
  {
    "frame" : [
      [
        528,
        888
      ],
      [
        176,
        87
      ]
    ],
    "word" : {
      "verse" : {
        "ayah" : 7,
        "sura" : 1
      },
      "word" : 9
    }
  },
  {
    "frame" : [
      [
        230,
        888
      ],
      [
        298,
        87
      ]
    ],
    "word" : {
      "verse" : {
        "ayah" : 7,
        "sura" : 1
      },
      "word" : 10
    }
  }
]