[
  {
    "frame" : [
      [
        1144,
        289
      ],
      [
        62,
        118
      ]
    ],
    "word" : {
      "verse" : {
        "ayah" : 1,
        "sura" : 112
      },
      "word" : 1
    }
  },
  {
    "frame" : [
      [
        1065,
        289
      ],
      [
        79,
        118
      ]
    ],
    "word" : {
      "verse" : {
        "ayah" : 1,
        "sura" : 112
      },
      "word" : 2
    }
  },
  {
    "frame" : [
      [
        985,
        289
      ],
      [
        80,
        118
      ]
    ],
    "word" : {
      "verse" : {
        "ayah" : 1,
        "sura" : 112
      },
      "word" : 3
    }
  },
  {
    "frame" : [
      [
        826,
        289
      ],
      [
        159,
        118
      ]
    ],
    "word" : {
      "verse" : {
        "ayah" : 1,
        "sura" : 112
      },
      "word" : 4
    }
  },
  {
    "frame" : [
      [
        717,
        289
      ],
      [
        109,
        118
      ]
    ],
    "word" : {
      "verse" : {
        "ayah" : 1,
        "sura" : 112
      },
      "word" : 5
    }
  },
  {
    "frame" : [
      [
        628,
        289
      ],
      [
        89,
        118
      ]
    ],
    "word" : {
      "verse" : {
        "ayah" : 2,
        "sura" : 112
      },
      "word" : 1
    }
  },
  {
    "frame" : [
      [
        406,
        289
      ],
      [
        222,
        118
      ]
    ],
    "word" : {
      "verse" : {
        "ayah" : 2,
        "sura" : 112
      },
      "word" : 2
    }
  },
  {
    "frame" : [
      [
        300,
        289
      ],
      [
        106,
        118
      ]
    ],
    "word" : {
      "verse" : {
        "ayah" : 2,
        "sura" : 112
      },
      "word" : 3
    }
  },
  {
    "frame" : [
      [
        237,
        289
      ],
      [
        63,
        118
      ]
    ],
    "word" : {
      "verse" : {
        "ayah" : 3,
        "sura" : 112
      },
      "word" : 1
    }
  },
  {
    "frame" : [
      [
        84,
        289
      ],
      [
        153,
        118
      ]
    ],
    "word" : {
      "verse" : {
        "ayah" : 3,
        "sura" : 112
      },
      "word" : 2
    }
  },
  {
    "frame" : [
      [
        1098,
        407
      ],
      [
        108,
        126
      ]
    ],
    "word" : {
      "verse" : {
        "ayah" : 3,
        "sura" : 112
      },
      "word" : 3
    }
  },
  {
    "frame" : [
      [
        948,
        407
      ],
      [
        150,
        126
      ]
    ],
    "word" : {
      "verse" : {
        "ayah" : 3,
        "sura" : 112
      },
      "word" : 4
    }
  },
  {
    "frame" : [
      [
        838,
        407
      ],
      [
        110,
        126
      ]
    ],
    "word" : {
      "verse" : {
        "ayah" : 3,
        "sura" : 112
      },
      "word" : 5
    }
  },
  {
    "frame" : [
      [
        718,
        407
      ],
      [
        120,
        126
      ]
    ],
    "word" : {
      "verse" : {
        "ayah" : 4,
        "sura" : 112
      },
      "word" : 1
    }
  },
  {
    "frame" : [
      [
        590,
        407
      ],
      [
        128,
        126
      ]
    ],
    "word" : {
      "verse" : {
        "ayah" : 4,
        "sura" : 112
      },
      "word" : 2
    }
  },
  {
    "frame" : [
      [
        531,
        407
      ],
      [
        59,
        126
      ]
    ],
    "word" : {
      "verse" : {
        "ayah" : 4,
        "sura" : 112
      },
      "word" : 3
    }
  },
  {
    "frame" : [
      [
        345,
        407
      ],
      [
        186,
        126
      ]
    ],
    "word" : {
      "verse" : {
        "ayah" : 4,
        "sura" : 112
      },
      "word" : 4
    }
  },
  {
    "frame" : [
      [
        192,
        407
      ],
      [
        153,
        126
      ]
    ],
    "word" : {
      "verse" : {
        "ayah" : 4,
        "sura" : 112
      },
      "word" : 5
    }
  },
  {
    "frame" : [
      [
        84,
        407
      ],
      [
        108,
        126
      ]
    ],
    "word" : {
      "verse" : {
        "ayah" : 4,
        "sura" : 112
      },
      "word" : 6
    }
  },
  {
    "frame" : [
      [
        1143,
        822
      ],
      [
        63,
        124
      ]
    ],
    "word" : {
      "verse" : {
        "ayah" : 1,
        "sura" : 113
      },
      "word" : 1
    }
  },
  {
    "frame" : [
      [
        1027,
        822
      ],
      [
        116,
        124
      ]
    ],
    "word" : {
      "verse" : {
        "ayah" : 1,
        "sura" : 113
      },
      "word" : 2
    }
  },
  {
    "frame" : [
      [
        900,
        822
      ],
      [
        127,
        124
      ]
    ],
    "word" : {
      "verse" : {
        "ayah" : 1,
        "sura" : 113
      },
      "word" : 3
    }
  },
  {
    "frame" : [
      [
        748,
        822
      ],
      [
        152,
        124
      ]
    ],
    "word" : {
      "verse" : {
        "ayah" : 1,
        "sura" : 113
      },
      "word" : 4
    }
  },
  {
    "frame" : [
      [
        637,
        822
      ],
      [
        111,
        124
      ]
    ],
    "word" : {
      "verse" : {
        "ayah" : 1,
        "sura" : 113
      },
      "word" : 5
    }
  },
  {
    "frame" : [
      [
        552,
        822
      ],
      [
        85,
        124
      ]
    ],
    "word" : {
      "verse" : {
        "ayah" : 2,
        "sura" : 113
      },
      "word" : 1
    }
  },
  {
    "frame" : [
      [
        472,
        822
      ],
      [
        80,
        124
      ]
    ],
    "word" : {
      "verse" : {
        "ayah" : 2,
        "sura" : 113
      },
      "word" : 2
    }
  },
  {
    "frame" : [
      [
        434,
        822
      ],
      [
        38,
        124
      ]
    ],
    "word" : {
      "verse" : {
        "ayah" : 2,
        "sura" : 113
      },
      "word" : 3
    }
  },
  {
    "frame" : [
      [
        321,
        822
      ],
      [
        113,
        124
      ]
    ],
    "word" : {
      "verse" : {
        "ayah" : 2,
        "sura" : 113
      },
      "word" : 4
    }
  },
  {
    "frame" : [
      [
        212,
        822
      ],
      [
        109,
        124
      ]
    ],
    "word" : {
      "verse" : {
        "ayah" : 2,
        "sura" : 113
      },
      "word" : 5
    }
  },
  {
    "frame" : [
      [
        84,
        822
      ],
      [
        128,
        124
      ]
    ],
    "word" : {
      "verse" : {
        "ayah" : 3,
        "sura" : 113
      },
      "word" : 1
    }
  },
  {
    "frame" : [
      [
        1122,
        946
      ],
      [
        84,
        135
      ]
    ],
    "word" : {
      "verse" : {
        "ayah" : 3,
        "sura" : 113
      },
      "word" : 2
    }
  },
  {
    "frame" : [
      [
        981,
        946
      ],
      [
        141,
        135
      ]
    ],
    "word" : {
      "verse" : {
        "ayah" : 3,
        "sura" : 113
      },
      "word" : 3
    }
  },
  {
    "frame" : [
      [
        909,
        946
      ],
      [
        72,
        135
      ]
    ],
    "word" : {
      "verse" : {
        "ayah" : 3,
        "sura" : 113
      },
      "word" : 4
    }
  },
  {
    "frame" : [
      [
        774,
        946
      ],
      [
        135,
        135
      ]
    ],
    "word" : {
      "verse" : {
        "ayah" : 3,
        "sura" : 113
      },
      "word" : 5
    }
  },
  {
    "frame" : [
      [
        661,
        946
      ],
      [
        113,
        135
      ]
    ],
    "word" : {
      "verse" : {
        "ayah" : 3,
        "sura" : 113
      },
      "word" : 6
    }
  },
  {
    "frame" : [
      [
        536,
        946
      ],
      [
        125,
        135
      ]
    ],
    "word" : {
      "verse" : {
        "ayah" : 4,
        "sura" : 113
      },
      "word" : 1
    }
  },
  {
    "frame" : [
      [
        417,
        946
      ],
      [
        119,
        135
      ]
    ],
    "word" : {
      "verse" : {
        "ayah" : 4,
        "sura" : 113
      },
      "word" : 2
    }
  },
  {
    "frame" : [
      [
        189,
        946
      ],
      [
        228,
        135
      ]
    ],
    "word" : {
      "verse" : {
        "ayah" : 4,
        "sura" : 113
      },
      "word" : 3
    }
  },
  {
    "frame" : [
      [
        84,
        946
      ],
      [
        105,
        135
      ]
    ],
    "word" : {
      "verse" : {
        "ayah" : 4,
        "sura" : 113
      },
      "word" : 4
    }
  },
  {
    "frame" : [
      [
        949,
        1081
      ],
      [
        257,
        117
      ]
    ],
    "word" : {
      "verse" : {
        "ayah" : 4,
        "sura" : 113
      },
      "word" : 5
    }
  },
  {
    "frame" : [
      [
        842,
        1081
      ],
      [
        107,
        117
      ]
    ],
    "word" : {
      "verse" : {
        "ayah" : 4,
        "sura" : 113
      },
      "word" : 6
    }
  },
  {
    "frame" : [
      [
        723,
        1081
      ],
      [
        119,
        117
      ]
    ],
    "word" : {
      "verse" : {
        "ayah" : 5,
        "sura" : 113
      },
      "word" : 1
    }
  },
  {
    "frame" : [
      [
        615,
        1081
      ],
      [
        108,
        117
      ]
    ],
    "word" : {
      "verse" : {
        "ayah" : 5,
        "sura" : 113
      },
      "word" : 2
    }
  },
  {
    "frame" : [
      [
        478,
        1081
      ],
      [
        137,
        117
      ]
    ],
    "word" : {
      "verse" : {
        "ayah" : 5,
        "sura" : 113
      },
      "word" : 3
    }
  },
  {
    "frame" : [
      [
        418,
        1081
      ],
      [
        60,
        117
      ]
    ],
    "word" : {
      "verse" : {
        "ayah" : 5,
        "sura" : 113
      },
      "word" : 4
    }
  },
  {
    "frame" : [
      [
        275,
        1081
      ],
      [
        143,
        117
      ]
    ],
    "word" : {
      "verse" : {
        "ayah" : 5,
        "sura" : 113
      },
      "word" : 5
    }
  },
  {
    "frame" : [
      [
        84,
        1081
      ],
      [
        191,
        117
      ]
    ],
    "word" : {
      "verse" : {
        "ayah" : 5,
        "sura" : 113
      },
      "word" : 6
    }
  },
  {
    "frame" : [
      [
        1143,
        1487
      ],
      [
        63,
        117
      ]
    ],
    "word" : {
      "verse" : {
        "ayah" : 1,
        "sura" : 114
      },
      "word" : 1
    }
  },
  {
    "frame" : [
      [
        1029,
        1487
      ],
      [
        114,
        117
      ]
    ],
    "word" : {
      "verse" : {
        "ayah" : 1,
        "sura" : 114
      },
      "word" : 2
    }
  },
  {
    "frame" : [
      [
        914,
        1487
      ],
      [
        115,
        117
      ]
    ],
    "word" : {
      "verse" : {
        "ayah" : 1,
        "sura" : 114
      },
      "word" : 3
    }
  },
  {
    "frame" : [
      [
        755,
        1487
      ],
      [
        159,
        117
      ]
    ],
    "word" : {
      "verse" : {
        "ayah" : 1,
        "sura" : 114
      },
      "word" : 4
    }
  },
  {
    "frame" : [
      [
        648,
        1487
      ],
      [
        107,
        117
      ]
    ],
    "word" : {
      "verse" : {
        "ayah" : 1,
        "sura" : 114
      },
      "word" : 5
    }
  },
  {
    "frame" : [
      [
        493,
        1487
      ],
      [
        155,
        117
      ]
    ],
    "word" : {
      "verse" : {
        "ayah" : 2,
        "sura" : 114
      },
      "word" : 1
    }
  },
  {
    "frame" : [
      [
        325,
        1487
      ],
      [
        168,
        117
      ]
    ],
    "word" : {
      "verse" : {
        "ayah" : 2,
        "sura" : 114
      },
      "word" : 2
    }
  },
  {
    "frame" : [
      [
        217,
        1487
      ],
      [
        108,
        117
      ]
    ],
    "word" : {
      "verse" : {
        "ayah" : 2,
        "sura" : 114
      },
      "word" : 3
    }
  },
  {
    "frame" : [
      [
        84,
        1487
      ],
      [
        133,
        117
      ]
    ],
    "word" : {
      "verse" : {
        "ayah" : 3,
        "sura" : 114
      },
      "word" : 1
    }
  },
  {
    "frame" : [
      [
        1041,
        1604
      ],
      [
        165,
        140
      ]
    ],
    "word" : {
      "verse" : {
        "ayah" : 3,
        "sura" : 114
      },
      "word" : 2
    }
  },
  {
    "frame" : [
      [
        931,
        1604
      ],
      [
        110,
        140
      ]
    ],
    "word" : {
      "verse" : {
        "ayah" : 3,
        "sura" : 114
      },
      "word" : 3
    }
  },
  {
    "frame" : [
      [
        842,
        1604
      ],
      [
        89,
        140
      ]
    ],
    "word" : {
      "verse" : {
        "ayah" : 4,
        "sura" : 114
      },
      "word" : 1
    }
  },
  {
    "frame" : [
      [
        742,
        1604
      ],
      [
        100,
        140
      ]
    ],
    "word" : {
      "verse" : {
        "ayah" : 4,
        "sura" : 114
      },
      "word" : 2
    }
  },
  {
    "frame" : [
      [
        524,
        1604
      ],
      [
        218,
        140
      ]
    ],
    "word" : {
      "verse" : {
        "ayah" : 4,
        "sura" : 114
      },
      "word" : 3
    }
  },
  {
    "frame" : [
      [
        316,
        1604
      ],
      [
        208,
        140
      ]
    ],
    "word" : {
      "verse" : {
        "ayah" : 4,
        "sura" : 114
      },
      "word" : 4
    }
  },
  {
    "frame" : [
      [
        212,
        1604
      ],
      [
        104,
        140
      ]
    ],
    "word" : {
      "verse" : {
        "ayah" : 4,
        "sura" : 114
      },
      "word" : 5
    }
  },
  {
    "frame" : [
      [
        84,
        1604
      ],
      [
        128,
        140
      ]
    ],
    "word" : {
      "verse" : {
        "ayah" : 5,
        "sura" : 114
      },
      "word" : 1
    }
  },
  {
    "frame" : [
      [
        849,
        1744
      ],
      [
        357,
        133
      ]
    ],
    "word" : {
      "verse" : {
        "ayah" : 5,
        "sura" : 114
      },
      "word" : 2
    }
  },
  {
    "frame" : [
      [
        734,
        1744
      ],
      [
        115,
        133
      ]
    ],
    "word" : {
      "verse" : {
        "ayah" : 5,
        "sura" : 114
      },
      "word" : 3
    }
  },
  {
    "frame" : [
      [
        575,
        1744
      ],
      [
        159,
        133
      ]
    ],
    "word" : {
      "verse" : {
        "ayah" : 5,
        "sura" : 114
      },
      "word" : 4
    }
  },
  {
    "frame" : [
      [
        347,
        1744
      ],
      [
        228,
        133
      ]
    ],
    "word" : {
      "verse" : {
        "ayah" : 5,
        "sura" : 114
      },
      "word" : 5
    }
  },
  {
    "frame" : [
      [
        84,
        1744
      ],
      [
        263,
        133
      ]
    ],
    "word" : {
      "verse" : {
        "ayah" : 5,
        "sura" : 114
      },
      "word" : 6
    }
  },
  {
    "frame" : [
      [
        875,
        1877
      ],
      [
        331,
        113
      ]
    ],
    "word" : {
      "verse" : {
        "ayah" : 6,
        "sura" : 114
      },
      "word" : 1
    }
  },
  {
    "frame" : [
      [
        686,
        1877
      ],
      [
        189,
        113
      ]
    ],
    "word" : {
      "verse" : {
        "ayah" : 6,
        "sura" : 114
      },
      "word" : 2
    }
  },
  {
    "frame" : [
      [
        447,
        1877
      ],
      [
        239,
        113
      ]
    ],
    "word" : {
      "verse" : {
        "ayah" : 6,
        "sura" : 114
      },
      "word" : 3
    }
  },
  {
    "frame" : [
      [
        84,
        1877
      ],
      [
        363,
        113
      ]
    ],
    "word" : {
      "verse" : {
        "ayah" : 6,
        "sura" : 114
      },
      "word" : 4
    }
  }
]