[
  {
    "frame" : [
      [
        1102,
        20
      ],
      [
        56,
        123
      ]
    ],
    "word" : {
      "verse" : {
        "ayah" : 6,
        "sura" : 2
      },
      "word" : 1
    }
  },
  {
    "frame" : [
      [
        926,
        20
      ],
      [
        176,
        123
      ]
    ],
    "word" : {
      "verse" : {
        "ayah" : 6,
        "sura" : 2
      },
      "word" : 2
    }
  },
  {
    "frame" : [
      [
        791,
        20
      ],
      [
        135,
        123
      ]
    ],
    "word" : {
      "verse" : {
        "ayah" : 6,
        "sura" : 2
      },
      "word" : 3
    }
  },
  {
    "frame" : [
      [
        674,
        20
      ],
      [
        117,
        123
      ]
    ],
    "word" : {
      "verse" : {
        "ayah" : 6,
        "sura" : 2
      },
      "word" : 4
    }
  },
  {
    "frame" : [
      [
        521,
        20
      ],
      [
        153,
        123
      ]
    ],
    "word" : {
      "verse" : {
        "ayah" : 6,
        "sura" : 2
      },
      "word" : 5
    }
  },
  {
    "frame" : [
      [
        286,
        20
      ],
      [
        235,
        123
      ]
    ],
    "word" : {
      "verse" : {
        "ayah" : 6,
        "sura" : 2
      },
      "word" : 6
    }
  },
  {
    "frame" : [
      [
        241,
        20
      ],
      [
        45,
        123
      ]
    ],
    "word" : {
      "verse" : {
        "ayah" : 6,
        "sura" : 2
      },
      "word" : 7
    }
  },
  {
    "frame" : [
      [
        194,
        20
      ],
      [
        47,
        123
      ]
    ],
    "word" : {
      "verse" : {
        "ayah" : 6,
        "sura" : 2
      },
      "word" : 8
    }
  },
  {
    "frame" : [
      [
        65,
        20
      ],
      [
        129,
        123
      ]
    ],
    "word" : {
      "verse" : {
        "ayah" : 6,
        "sura" : 2
      },
      "word" : 9
    }
  },
  {
    "frame" : [
      [
        1113,
        143
      ],
      [
        45,
        119
      ]
    ],
    "word" : {
      "verse" : {
        "ayah" : 6,
        "sura" : 2
      },
      "word" : 10
    }
  },
  {
    "frame" : [
      [
        957,
        143
      ],
      [
        156,
        119
      ]
    ],
    "word" : {
      "verse" : {
        "ayah" : 6,
        "sura" : 2
      },
      "word" : 11
    }
  },
  {
    "frame" : [
      [
        852,
        143
      ],
      [
        105,
        119
      ]
    ],
    "word" : {
      "verse" : {
        "ayah" : 6,
        "sura" : 2
      },
      "word" : 12
    }
  },
  {
    "frame" : [
      [
        741,
        143
      ],
      [
        111,
        119
      ]
    ],
    "word" : {
      "verse" : {
        "ayah" : 7,
        "sura" : 2
      },
      "word" : 1
    }
  },
  {
    "frame" : [
      [
        673,
        143
      ],
      [
        68,
        119
      ]
    ],
    "word" : {
      "verse" : {
        "ayah" : 7,
        "sura" : 2
      },
      "word" : 2
    }
  },
  {
    "frame" : [
      [
        606,
        143
      ],
      [
        67,
        119
      ]
    ],
    "word" : {
      "verse" : {
        "ayah" : 7,
        "sura" : 2
      },
      "word" : 3
    }
  },
  {
    "frame" : [
      [
        444,
        143
      ],
      [
        162,
        119
      ]
    ],
    "word" : {
      "verse" : {
        "ayah" : 7,
        "sura" : 2
      },
      "word" : 4
    }
  },
  {
    "frame" : [
      [
        346,
        143
      ],
      [
        98,
        119
      ]
    ],
    "word" : {
      "verse" : {
        "ayah" : 7,
        "sura" : 2
      },
      "word" : 5
    }
  },
  {
    "frame" : [
      [
        170,
        143
      ],
      [
        176,
        119
      ]
    ],
    "word" : {
      "verse" : {
        "ayah" : 7,
        "sura" : 2
      },
      "word" : 6
    }
  },
  {
    "frame" : [
      [
        162,
        143
      ],
      [
        8,
        119
      ]
    ],
    "word" : {
      "verse" : {
        "ayah" : 7,
        "sura" : 2
      },
      "word" : 7
    }
  },
  {
    "frame" : [
      [
        65,
        143
      ],
      [
        97,
        119
      ]
    ],
    "word" : {
      "verse" : {
        "ayah" : 7,
        "sura" : 2
      },
      "word" : 8
    }
  },
  {
    "frame" : [
      [
        975,
        262
      ],
      [
        183,
        143
      ]
    ],
    "word" : {
      "verse" : {
        "ayah" : 7,
        "sura" : 2
      },
      "word" : 9
    }
  },
  {
    "frame" : [
      [
        827,
        262
      ],
      [
        148,
        143
      ]
    ],
    "word" : {
      "verse" : {
        "ayah" : 7,
        "sura" : 2
      },
      "word" : 10
    }
  },
  {
    "frame" : [
      [
        823,
        262
      ],
      [
        4,
        143
      ]
    ],
    "word" : {
      "verse" : {
        "ayah" : 7,
        "sura" : 2
      },
      "word" : 11
    }
  },
  {
    "frame" : [
      [
        698,
        262
      ],
      [
        125,
        143
      ]
    ],
    "word" : {
      "verse" : {
        "ayah" : 7,
        "sura" : 2
      },
      "word" : 12
    }
  },
  {
    "frame" : [
      [
        543,
        262
      ],
      [
        155,
        143
      ]
    ],
    "word" : {
      "verse" : {
        "ayah" : 7,
        "sura" : 2
      },
      "word" : 13
    }
  },
  {
    "frame" : [
      [
        387,
        262
      ],
      [
        156,
        143
      ]
    ],
    "word" : {
      "verse" : {
        "ayah" : 7,
        "sura" : 2
      },
      "word" : 14
    }
  },
  {
    "frame" : [
      [
        280,
        262
      ],
      [
        107,
        143
      ]
    ],
    "word" : {
      "verse" : {
        "ayah" : 7,
        "sura" : 2
      },
      "word" : 15
    }
  },
  {
    "frame" : [
      [
        185,
        262
      ],
      [
        95,
        143
      ]
    ],
    "word" : {
      "verse" : {
        "ayah" : 8,
        "sura" : 2
      },
      "word" : 1
    }
  },
  {
    "frame" : [
      [
        65,
        262
      ],
      [
        120,
        143
      ]
    ],
    "word" : {
      "verse" : {
        "ayah" : 8,
        "sura" : 2
      },
      "word" : 2
    }
  },
  {
    "frame" : [
      [
        1092,
        405
      ],
      [
        66,
        129
      ]
    ],
    "word" : {
      "verse" : {
        "ayah" : 8,
        "sura" : 2
      },
      "word" : 3
    }
  },
  {
    "frame" : [
      [
        984,
        405
      ],
      [
        108,
        129
      ]
    ],
    "word" : {
      "verse" : {
        "ayah" : 8,
        "sura" : 2
      },
      "word" : 4
    }
  },
  {
    "frame" : [
      [
        856,
        405
      ],
      [
        128,
        129
      ]
    ],
    "word" : {
      "verse" : {
        "ayah" : 8,
        "sura" : 2
      },
      "word" : 5
    }
  },
  {
    "frame" : [
      [
        767,
        405
      ],
      [
        89,
        129
      ]
    ],
    "word" : {
      "verse" : {
        "ayah" : 8,
        "sura" : 2
      },
      "word" : 6
    }
  },
  {
    "frame" : [
      [
        597,
        405
      ],
      [
        170,
        129
      ]
    ],
    "word" : {
      "verse" : {
        "ayah" : 8,
        "sura" : 2
      },
      "word" : 7
    }
  },
  {
    "frame" : [
      [
        482,
        405
      ],
      [
        115,
        129
      ]
    ],
    "word" : {
      "verse" : {
        "ayah" : 8,
        "sura" : 2
      },
      "word" : 8
    }
  },
  {
    "frame" : [
      [
        411,
        405
      ],
      [
        71,
        129
      ]
    ],
    "word" : {
      "verse" : {
        "ayah" : 8,
        "sura" : 2
      },
      "word" : 9
    }
  },
  {
    "frame" : [
      [
        347,
        405
      ],
      [
        64,
        129
      ]
    ],
    "word" : {
      "verse" : {
        "ayah" : 8,
        "sura" : 2
      },
      "word" : 10
    }
  },
  {
    "frame" : [
      [
        170,
        405
      ],
      [
        177,
        129
      ]
    ],
    "word" : {
      "verse" : {
        "ayah" : 8,
        "sura" : 2
      },
      "word" : 11
    }
  },
  {
    "frame" : [
      [
        65,
        405
      ],
      [
        105,
        129
      ]
    ],
    "word" : {
      "verse" : {
        "ayah" : 8,
        "sura" : 2
      },
      "word" : 12
    }
  },
  {
    "frame" : [
      [
        955,
        534
      ],
      [
        203,
        133
      ]
    ],
    "word" : {
      "verse" : {
        "ayah" : 9,
        "sura" : 2
      },
      "word" : 1
    }
  },
  {
    "frame" : [
      [
        877,
        534
      ],
      [
        78,
        133
      ]
    ],
    "word" : {
      "verse" : {
        "ayah" : 9,
        "sura" : 2
      },
      "word" : 2
    }
  },
  {
    "frame" : [
      [
        736,
        534
      ],
      [
        141,
        133
      ]
    ],
    "word" : {
      "verse" : {
        "ayah" : 9,
        "sura" : 2
      },
      "word" : 3
    }
  },
  {
    "frame" : [
      [
        587,
        534
      ],
      [
        149,
        133
      ]
    ],
    "word" : {
      "verse" : {
        "ayah" : 9,
        "sura" : 2
      },
      "word" : 4
    }
  },
  {
    "frame" : [
      [
        508,
        534
      ],
      [
        79,
        133
      ]
    ],
    "word" : {
      "verse" : {
        "ayah" : 9,
        "sura" : 2
      },
      "word" : 5
    }
  },
  {
    "frame" : [
      [
        299,
        534
      ],
      [
        209,
        133
      ]
    ],
    "word" : {
      "verse" : {
        "ayah" : 9,
        "sura" : 2
      },
      "word" : 6
    }
  },
  {
    "frame" : [
      [
        226,
        534
      ],
      [
        73,
        133
      ]
    ],
    "word" : {
      "verse" : {
        "ayah" : 9,
        "sura" : 2
      },
      "word" : 7
    }
  },
  {
    "frame" : [
      [
        65,
        534
      ],
      [
        161,
        133
      ]
    ],
    "word" : {
      "verse" : {
        "ayah" : 9,
        "sura" : 2
      },
      "word" : 8
    }
  },
  {
    "frame" : [
      [
        1079,
        667
      ],
      [
        79,
        135
      ]
    ],
    "word" : {
      "verse" : {
        "ayah" : 9,
        "sura" : 2
      },
      "word" : 9
    }
  },
  {
    "frame" : [
      [
        914,
        667
      ],
      [
        165,
        135
      ]
    ],
    "word" : {
      "verse" : {
        "ayah" : 9,
        "sura" : 2
      },
      "word" : 10
    }
  },
  {
    "frame" : [
      [
        806,
        667
      ],
      [
        108,
        135
      ]
    ],
    "word" : {
      "verse" : {
        "ayah" : 9,
        "sura" : 2
      },
      "word" : 11
    }
  },
  {
    "frame" : [
      [
        745,
        667
      ],
      [
        61,
        135
      ]
    ],
    "word" : {
      "verse" : {
        "ayah" : 10,
        "sura" : 2
      },
      "word" : 1
    }
  },
  {
    "frame" : [
      [
        585,
        667
      ],
      [
        160,
        135
      ]
    ],
    "word" : {
      "verse" : {
        "ayah" : 10,
        "sura" : 2
      },
      "word" : 2
    }
  },
  {
    "frame" : [
      [
        470,
        667
      ],
      [
        115,
        135
      ]
    ],
    "word" : {
      "verse" : {
        "ayah" : 10,
        "sura" : 2
      },
      "word" : 3
    }
  },
  {
    "frame" : [
      [
        286,
        667
      ],
      [
        184,
        135
      ]
    ],
    "word" : {
      "verse" : {
        "ayah" : 10,
        "sura" : 2
      },
      "word" : 4
    }
  },
  {
    "frame" : [
      [
        213,
        667
      ],
      [
        73,
        135
      ]
    ],
    "word" : {
      "verse" : {
        "ayah" : 10,
        "sura" : 2
      },
      "word" : 5
    }
  },
  {
    "frame" : [
      [
        76,
        667
      ],
      [
        137,
        135
      ]
    ],
    "word" : {
      "verse" : {
        "ayah" : 10,
        "sura" : 2
      },
      "word" : 6
    }
  },
  {
    "frame" : [
      [
        65,
        667
      ],
      [
        11,
        135
      ]
    ],
    "word" : {
      "verse" : {
        "ayah" : 10,
        "sura" : 2
      },
      "word" : 7
    }
  },
  {
    "frame" : [
      [
        1035,
        802
      ],
      [
        123,
        134
      ]
    ],
    "word" : {
      "verse" : {
        "ayah" : 10,
        "sura" : 2
      },
      "word" : 8
    }
  },
  {
    "frame" : [
      [
        892,
        802
      ],
      [
        143,
        134
      ]
    ],
    "word" : {
      "verse" : {
        "ayah" : 10,
        "sura" : 2
      },
      "word" : 9
    }
  },
  {
    "frame" : [
      [
        793,
        802
      ],
      [
        99,
        134
      ]
    ],
    "word" : {
      "verse" : {
        "ayah" : 10,
        "sura" : 2
      },
      "word" : 10
    }
  },
  {
    "frame" : [
      [
        718,
        802
      ],
      [
        75,
        134
      ]
    ],
    "word" : {
      "verse" : {
        "ayah" : 10,
        "sura" : 2
      },
      "word" : 11
    }
  },
  {
    "frame" : [
      [
        623,
        802
      ],
      [
        95,
        134
      ]
    ],
    "word" : {
      "verse" : {
        "ayah" : 10,
        "sura" : 2
      },
      "word" : 12
    }
  },
  {
    "frame" : [
      [
        434,
        802
      ],
      [
        189,
        134
      ]
    ],
    "word" : {
      "verse" : {
        "ayah" : 10,
        "sura" : 2
      },
      "word" : 13
    }
  },
  {
    "frame" : [
      [
        326,
        802
      ],
      [
        108,
        134
      ]
    ],
    "word" : {
      "verse" : {
        "ayah" : 10,
        "sura" : 2
      },
      "word" : 14
    }
  },
  {
    "frame" : [
      [
        228,
        802
      ],
      [
        98,
        134
      ]
    ],
    "word" : {
      "verse" : {
        "ayah" : 11,
        "sura" : 2
      },
      "word" : 1
    }
  },
  {
    "frame" : [
      [
        151,
        802
      ],
      [
        77,
        134
      ]
    ],
    "word" : {
      "verse" : {
        "ayah" : 11,
        "sura" : 2
      },
      "word" : 2
    }
  },
  {
    "frame" : [
      [
        65,
        802
      ],
      [
        86,
        134
      ]
    ],
    "word" : {
      "verse" : {
        "ayah" : 11,
        "sura" : 2
      },
      "word" : 3
    }
  },
  {
    "frame" : [
      [
        1110,
        936
      ],
      [
        48,
        125
      ]
    ],
    "word" : {
      "verse" : {
        "ayah" : 11,
        "sura" : 2
      },
      "word" : 4
    }
  },
  {
    "frame" : [
      [
        936,
        936
      ],
      [
        174,
        125
      ]
    ],
    "word" : {
      "verse" : {
        "ayah" : 11,
        "sura" : 2
      },
      "word" : 5
    }
  },
  {
    "frame" : [
      [
        883,
        936
      ],
      [
        53,
        125
      ]
    ],
    "word" : {
      "verse" : {
        "ayah" : 11,
        "sura" : 2
      },
      "word" : 6
    }
  },
  {
    "frame" : [
      [
        726,
        936
      ],
      [
        157,
        125
      ]
    ],
    "word" : {
      "verse" : {
        "ayah" : 11,
        "sura" : 2
      },
      "word" : 7
    }
  },
  {
    "frame" : [
      [
        612,
        936
      ],
      [
        114,
        125
      ]
    ],
    "word" : {
      "verse" : {
        "ayah" : 11,
        "sura" : 2
      },
      "word" : 8
    }
  },
  {
    "frame" : [
      [
        523,
        936
      ],
      [
        89,
        125
      ]
    ],
    "word" : {
      "verse" : {
        "ayah" : 11,
        "sura" : 2
      },
      "word" : 9
    }
  },
  {
    "frame" : [
      [
        434,
        936
      ],
      [
        89,
        125
      ]
    ],
    "word" : {
      "verse" : {
        "ayah" : 11,
        "sura" : 2
      },
      "word" : 10
    }
  },
  {
    "frame" : [
      [
        169,
        936
      ],
      [
        265,
        125
      ]
    ],
    "word" : {
      "verse" : {
        "ayah" : 11,
        "sura" : 2
      },
      "word" : 11
    }
  },
  {
    "frame" : [
      [
        65,
        936
      ],
      [
        104,
        125
      ]
    ],
    "word" : {
      "verse" : {
        "ayah" : 11,
        "sura" : 2
      },
      "word" : 12
    }
  },
  {
    "frame" : [
      [
        1070,
        1061
      ],
      [
        88,
        137
      ]
    ],
    "word" : {
      "verse" : {
        "ayah" : 12,
        "sura" : 2
      },
      "word" : 1
    }
  },
  {
    "frame" : [
      [
        973,
        1061
      ],
      [
        97,
        137
      ]
    ],
    "word" : {
      "verse" : {
        "ayah" : 12,
        "sura" : 2
      },
      "word" : 2
    }
  },
  {
    "frame" : [
      [
        905,
        1061
      ],
      [
        68,
        137
      ]
    ],
    "word" : {
      "verse" : {
        "ayah" : 12,
        "sura" : 2
      },
      "word" : 3
    }
  },
  {
    "frame" : [
      [
        672,
        1061
      ],
      [
        233,
        137
      ]
    ],
    "word" : {
      "verse" : {
        "ayah" : 12,
        "sura" : 2
      },
      "word" : 4
    }
  },
  {
    "frame" : [
      [
        542,
        1061
      ],
      [
        130,
        137
      ]
    ],
    "word" : {
      "verse" : {
        "ayah" : 12,
        "sura" : 2
      },
      "word" : 5
    }
  },
  {
    "frame" : [
      [
        497,
        1061
      ],
      [
        45,
        137
      ]
    ],
    "word" : {
      "verse" : {
        "ayah" : 12,
        "sura" : 2
      },
      "word" : 6
    }
  },
  {
    "frame" : [
      [
        341,
        1061
      ],
      [
        156,
        137
      ]
    ],
    "word" : {
      "verse" : {
        "ayah" : 12,
        "sura" : 2
      },
      "word" : 7
    }
  },
  {
    "frame" : [
      [
        235,
        1061
      ],
      [
        106,
        137
      ]
    ],
    "word" : {
      "verse" : {
        "ayah" : 12,
        "sura" : 2
      },
      "word" : 8
    }
  },
  {
    "frame" : [
      [
        146,
        1061
      ],
      [
        89,
        137
      ]
    ],
    "word" : {
      "verse" : {
        "ayah" : 13,
        "sura" : 2
      },
      "word" : 1
    }
  },
  {
    "frame" : [
      [
        65,
        1061
      ],
      [
        81,
        137
      ]
    ],
    "word" : {
      "verse" : {
        "ayah" : 13,
        "sura" : 2
      },
      "word" : 2
    }
  },
  {
    "frame" : [
      [
        1073,
        1198
      ],
      [
        85,
        135
      ]
    ],
    "word" : {
      "verse" : {
        "ayah" : 13,
        "sura" : 2
      },
      "word" : 3
    }
  },
  {
    "frame" : [
      [
        937,
        1198
      ],
      [
        136,
        135
      ]
    ],
    "word" : {
      "verse" : {
        "ayah" : 13,
        "sura" : 2
      },
      "word" : 4
    }
  },
  {
    "frame" : [
      [
        851,
        1198
      ],
      [
        86,
        135
      ]
    ],
    "word" : {
      "verse" : {
        "ayah" : 13,
        "sura" : 2
      },
      "word" : 5
    }
  },
  {
    "frame" : [
      [
        746,
        1198
      ],
      [
        105,
        135
      ]
    ],
    "word" : {
      "verse" : {
        "ayah" : 13,
        "sura" : 2
      },
      "word" : 6
    }
  },
  {
    "frame" : [
      [
        608,
        1198
      ],
      [
        138,
        135
      ]
    ],
    "word" : {
      "verse" : {
        "ayah" : 13,
        "sura" : 2
      },
      "word" : 7
    }
  },
  {
    "frame" : [
      [
        511,
        1198
      ],
      [
        97,
        135
      ]
    ],
    "word" : {
      "verse" : {
        "ayah" : 13,
        "sura" : 2
      },
      "word" : 8
    }
  },
  {
    "frame" : [
      [
        391,
        1198
      ],
      [
        120,
        135
      ]
    ],
    "word" : {
      "verse" : {
        "ayah" : 13,
        "sura" : 2
      },
      "word" : 9
    }
  },
  {
    "frame" : [
      [
        318,
        1198
      ],
      [
        73,
        135
      ]
    ],
    "word" : {
      "verse" : {
        "ayah" : 13,
        "sura" : 2
      },
      "word" : 10
    }
  },
  {
    "frame" : [
      [
        221,
        1198
      ],
      [
        97,
        135
      ]
    ],
    "word" : {
      "verse" : {
        "ayah" : 13,
        "sura" : 2
      },
      "word" : 11
    }
  },
  {
    "frame" : [
      [
        71,
        1198
      ],
      [
        150,
        135
      ]
    ],
    "word" : {
      "verse" : {
        "ayah" : 13,
        "sura" : 2
      },
      "word" : 12
    }
  },
  {
    "frame" : [
      [
        65,
        1198
      ],
      [
        6,
        135
      ]
    ],
    "word" : {
      "verse" : {
        "ayah" : 13,
        "sura" : 2
      },
      "word" : 13
    }
  },
  {
    "frame" : [
      [
        1086,
        1333
      ],
      [
        72,
        134
      ]
    ],
    "word" : {
      "verse" : {
        "ayah" : 13,
        "sura" : 2
      },
      "word" : 14
    }
  },
  {
    "frame" : [
      [
        985,
        1333
      ],
      [
        101,
        134
      ]
    ],
    "word" : {
      "verse" : {
        "ayah" : 13,
        "sura" : 2
      },
      "word" : 15
    }
  },
  {
    "frame" : [
      [
        910,
        1333
      ],
      [
        75,
        134
      ]
    ],
    "word" : {
      "verse" : {
        "ayah" : 13,
        "sura" : 2
      },
      "word" : 16
    }
  },
  {
    "frame" : [
      [
        730,
        1333
      ],
      [
        180,
        134
      ]
    ],
    "word" : {
      "verse" : {
        "ayah" : 13,
        "sura" : 2
      },
      "word" : 17
    }
  },
  {
    "frame" : [
      [
        598,
        1333
      ],
      [
        132,
        134
      ]
    ],
    "word" : {
      "verse" : {
        "ayah" : 13,
        "sura" : 2
      },
      "word" : 18
    }
  },
  {
    "frame" : [
      [
        549,
        1333
      ],
      [
        49,
        134
      ]
    ],
    "word" : {
      "verse" : {
        "ayah" : 13,
        "sura" : 2
      },
      "word" : 19
    }
  },
  {
    "frame" : [
      [
        389,
        1333
      ],
      [
        160,
        134
      ]
    ],
    "word" : {
      "verse" : {
        "ayah" : 13,
        "sura" : 2
      },
      "word" : 20
    }
  },
  {
    "frame" : [
      [
        279,
        1333
      ],
      [
        110,
        134
      ]
    ],
    "word" : {
      "verse" : {
        "ayah" : 13,
        "sura" : 2
      },
      "word" : 21
    }
  },
  {
    "frame" : [
      [
        167,
        1333
      ],
      [
        112,
        134
      ]
    ],
    "word" : {
      "verse" : {
        "ayah" : 14,
        "sura" : 2
      },
      "word" : 1
    }
  },
  {
    "frame" : [
      [
        65,
        1333
      ],
      [
        102,
        134
      ]
    ],
    "word" : {
      "verse" : {
        "ayah" : 14,
        "sura" : 2
      },
      "word" : 2
    }
  },
  {
    "frame" : [
      [
        1043,
        1467
      ],
      [
        115,
        133
      ]
    ],
    "word" : {
      "verse" : {
        "ayah" : 14,
        "sura" : 2
      },
      "word" : 3
    }
  },
  {
    "frame" : [
      [
        904,
        1467
      ],
      [
        139,
        133
      ]
    ],
    "word" : {
      "verse" : {
        "ayah" : 14,
        "sura" : 2
      },
      "word" : 4
    }
  },
  {
    "frame" : [
      [
        799,
        1467
      ],
      [
        105,
        133
      ]
    ],
    "word" : {
      "verse" : {
        "ayah" : 14,
        "sura" : 2
      },
      "word" : 5
    }
  },
  {
    "frame" : [
      [
        685,
        1467
      ],
      [
        114,
        133
      ]
    ],
    "word" : {
      "verse" : {
        "ayah" : 14,
        "sura" : 2
      },
      "word" : 6
    }
  },
  {
    "frame" : [
      [
        592,
        1467
      ],
      [
        93,
        133
      ]
    ],
    "word" : {
      "verse" : {
        "ayah" : 14,
        "sura" : 2
      },
      "word" : 7
    }
  },
  {
    "frame" : [
      [
        492,
        1467
      ],
      [
        100,
        133
      ]
    ],
    "word" : {
      "verse" : {
        "ayah" : 14,
        "sura" : 2
      },
      "word" : 8
    }
  },
  {
    "frame" : [
      [
        425,
        1467
      ],
      [
        67,
        133
      ]
    ],
    "word" : {
      "verse" : {
        "ayah" : 14,
        "sura" : 2
      },
      "word" : 9
    }
  },
  {
    "frame" : [
      [
        210,
        1467
      ],
      [
        215,
        133
      ]
    ],
    "word" : {
      "verse" : {
        "ayah" : 14,
        "sura" : 2
      },
      "word" : 10
    }
  },
  {
    "frame" : [
      [
        117,
        1467
      ],
      [
        93,
        133
      ]
    ],
    "word" : {
      "verse" : {
        "ayah" : 14,
        "sura" : 2
      },
      "word" : 11
    }
  },
  {
    "frame" : [
      [
        65,
        1467
      ],
      [
        52,
        133
      ]
    ],
    "word" : {
      "verse" : {
        "ayah" : 14,
        "sura" : 2
      },
      "word" : 12
    }
  },
  {
    "frame" : [
      [
        1029,
        1600
      ],
      [
        129,
        135
      ]
    ],
    "word" : {
      "verse" : {
        "ayah" : 14,
        "sura" : 2
      },
      "word" : 13
    }
  },
  {
    "frame" : [
      [
        943,
        1600
      ],
      [
        86,
        135
      ]
    ],
    "word" : {
      "verse" : {
        "ayah" : 14,
        "sura" : 2
      },
      "word" : 14
    }
  },
  {
    "frame" : [
      [
        863,
        1600
      ],
      [
        80,
        135
      ]
    ],
    "word" : {
      "verse" : {
        "ayah" : 14,
        "sura" : 2
      },
      "word" : 15
    }
  },
  {
    "frame" : [
      [
        634,
        1600
      ],
      [
        229,
        135
      ]
    ],
    "word" : {
      "verse" : {
        "ayah" : 14,
        "sura" : 2
      },
      "word" : 16
    }
  },
  {
    "frame" : [
      [
        525,
        1600
      ],
      [
        109,
        135
      ]
    ],
    "word" : {
      "verse" : {
        "ayah" : 14,
        "sura" : 2
      },
      "word" : 17
    }
  },
  {
    "frame" : [
      [
        446,
        1600
      ],
      [
        79,
        135
      ]
    ],
    "word" : {
      "verse" : {
        "ayah" : 15,
        "sura" : 2
      },
      "word" : 1
    }
  },
  {
    "frame" : [
      [
        283,
        1600
      ],
      [
        163,
        135
      ]
    ],
    "word" : {
      "verse" : {
        "ayah" : 15,
        "sura" : 2
      },
      "word" : 2
    }
  },
  {
    "frame" : [
      [
        209,
        1600
      ],
      [
        74,
        135
      ]
    ],
    "word" : {
      "verse" : {
        "ayah" : 15,
        "sura" : 2
      },
      "word" : 3
    }
  },
  {
    "frame" : [
      [
        65,
        1600
      ],
      [
        144,
        135
      ]
    ],
    "word" : {
      "verse" : {
        "ayah" : 15,
        "sura" : 2
      },
      "word" : 4
    }
  },
  {
    "frame" : [
      [
        1107,
        1735
      ],
      [
        51,
        132
      ]
    ],
    "word" : {
      "verse" : {
        "ayah" : 15,
        "sura" : 2
      },
      "word" : 5
    }
  },
  {
    "frame" : [
      [
        933,
        1735
      ],
      [
        174,
        132
      ]
    ],
    "word" : {
      "verse" : {
        "ayah" : 15,
        "sura" : 2
      },
      "word" : 6
    }
  },
  {
    "frame" : [
      [
        765,
        1735
      ],
      [
        168,
        132
      ]
    ],
    "word" : {
      "verse" : {
        "ayah" : 15,
        "sura" : 2
      },
      "word" : 7
    }
  },
  {
    "frame" : [
      [
        659,
        1735
      ],
      [
        106,
        132
      ]
    ],
    "word" : {
      "verse" : {
        "ayah" : 15,
        "sura" : 2
      },
      "word" : 8
    }
  },
  {
    "frame" : [
      [
        502,
        1735
      ],
      [
        157,
        132
      ]
    ],
    "word" : {
      "verse" : {
        "ayah" : 16,
        "sura" : 2
      },
      "word" : 1
    }
  },
  {
    "frame" : [
      [
        391,
        1735
      ],
      [
        111,
        132
      ]
    ],
    "word" : {
      "verse" : {
        "ayah" : 16,
        "sura" : 2
      },
      "word" : 2
    }
  },
  {
    "frame" : [
      [
        240,
        1735
      ],
      [
        151,
        132
      ]
    ],
    "word" : {
      "verse" : {
        "ayah" : 16,
        "sura" : 2
      },
      "word" : 3
    }
  },
  {
    "frame" : [
      [
        65,
        1735
      ],
      [
        175,
        132
      ]
    ],
    "word" : {
      "verse" : {
        "ayah" : 16,
        "sura" : 2
      },
      "word" : 4
    }
  },
  {
    "frame" : [
      [
        989,
        1867
      ],
      [
        169,
        117
      ]
    ],
    "word" : {
      "verse" : {
        "ayah" : 16,
        "sura" : 2
      },
      "word" : 5
    }
  },
  {
    "frame" : [
      [
        900,
        1867
      ],
      [
        89,
        117
      ]
    ],
    "word" : {
      "verse" : {
        "ayah" : 16,
        "sura" : 2
      },
      "word" : 6
    }
  },
  {
    "frame" : [
      [
        770,
        1867
      ],
      [
        130,
        117
      ]
    ],
    "word" : {
      "verse" : {
        "ayah" : 16,
        "sura" : 2
      },
      "word" : 7
    }
  },
  {
    "frame" : [
      [
        583,
        1867
      ],
      [
        187,
        117
      ]
    ],
    "word" : {
      "verse" : {
        "ayah" : 16,
        "sura" : 2
      },
      "word" : 8
    }
  },
  {
    "frame" : [
      [
        499,
        1867
      ],
      [
        84,
        117
      ]
    ],
    "word" : {
      "verse" : {
        "ayah" : 16,
        "sura" : 2
      },
      "word" : 9
    }
  },
  {
    "frame" : [
      [
        405,
        1867
      ],
      [
        94,
        117
      ]
    ],
    "word" : {
      "verse" : {
        "ayah" : 16,
        "sura" : 2
      },
      "word" : 10
    }
  },
  {
    "frame" : [
      [
        174,
        1867
      ],
      [
        231,
        117
      ]
    ],
    "word" : {
      "verse" : {
        "ayah" : 16,
        "sura" : 2
      },
      "word" : 11
    }
  },
  {
    "frame" : [
      [
        65,
        1867
      ],
      [
        109,
        117
      ]
    ],
    "word" : {
      "verse" : {
        "ayah" : 16,
        "sura" : 2
      },
      "word" : 12
    }
  }
]