[
  "الرحمن الرحيم",
  "الحي القيوم",
  "يس",
  "تبارك"
]